running egg_info
writing ../../build/vision_transform/vision_transform.egg-info/PKG-INFO
writing dependency_links to ../../build/vision_transform/vision_transform.egg-info/dependency_links.txt
writing entry points to ../../build/vision_transform/vision_transform.egg-info/entry_points.txt
writing requirements to ../../build/vision_transform/vision_transform.egg-info/requires.txt
writing top-level names to ../../build/vision_transform/vision_transform.egg-info/top_level.txt
reading manifest file '../../build/vision_transform/vision_transform.egg-info/SOURCES.txt'
writing manifest file '../../build/vision_transform/vision_transform.egg-info/SOURCES.txt'
running build
running build_py
running install
running install_lib
running install_data
running install_egg_info
removing '/mnt/c/Users/jasea/OneDrive - Temple University/Desktop/helios/Robotics-Nav2-SLAM-Example/ros2_docker/colcon_ws/install/vision_transform/lib/python3.10/site-packages/vision_transform-0.0.0-py3.10.egg-info' (and everything under it)
Copying ../../build/vision_transform/vision_transform.egg-info to /mnt/c/Users/jasea/OneDrive - Temple University/Desktop/helios/Robotics-Nav2-SLAM-Example/ros2_docker/colcon_ws/install/vision_transform/lib/python3.10/site-packages/vision_transform-0.0.0-py3.10.egg-info
running install_scripts
Installing multirobot_yolo script to /mnt/c/Users/jasea/OneDrive - Temple University/Desktop/helios/Robotics-Nav2-SLAM-Example/ros2_docker/colcon_ws/install/vision_transform/lib/vision_transform
Installing yolo_node script to /mnt/c/Users/jasea/OneDrive - Temple University/Desktop/helios/Robotics-Nav2-SLAM-Example/ros2_docker/colcon_ws/install/vision_transform/lib/vision_transform
writing list of installed files to '/mnt/c/Users/jasea/OneDrive - Temple University/Desktop/helios/Robotics-Nav2-SLAM-Example/ros2_docker/colcon_ws/build/vision_transform/install.log'
