running egg_info
creating ../../build/vision_transform/vision_transform.egg-info
writing ../../build/vision_transform/vision_transform.egg-info/PKG-INFO
writing dependency_links to ../../build/vision_transform/vision_transform.egg-info/dependency_links.txt
writing entry points to ../../build/vision_transform/vision_transform.egg-info/entry_points.txt
writing requirements to ../../build/vision_transform/vision_transform.egg-info/requires.txt
writing top-level names to ../../build/vision_transform/vision_transform.egg-info/top_level.txt
writing manifest file '../../build/vision_transform/vision_transform.egg-info/SOURCES.txt'
reading manifest file '../../build/vision_transform/vision_transform.egg-info/SOURCES.txt'
writing manifest file '../../build/vision_transform/vision_transform.egg-info/SOURCES.txt'
running build
running build_py
creating /mnt/c/Users/jasea/OneDrive - Temple University/Desktop/helios/Robotics-Nav2-SLAM-Example/ros2_docker/colcon_ws/build/vision_transform/build
creating /mnt/c/Users/jasea/OneDrive - Temple University/Desktop/helios/Robotics-Nav2-SLAM-Example/ros2_docker/colcon_ws/build/vision_transform/build/lib
creating /mnt/c/Users/jasea/OneDrive - Temple University/Desktop/helios/Robotics-Nav2-SLAM-Example/ros2_docker/colcon_ws/build/vision_transform/build/lib/vision_transform
copying vision_transform/yolo_node.py -> /mnt/c/Users/jasea/OneDrive - Temple University/Desktop/helios/Robotics-Nav2-SLAM-Example/ros2_docker/colcon_ws/build/vision_transform/build/lib/vision_transform
copying vision_transform/__init__.py -> /mnt/c/Users/jasea/OneDrive - Temple University/Desktop/helios/Robotics-Nav2-SLAM-Example/ros2_docker/colcon_ws/build/vision_transform/build/lib/vision_transform
running install
running install_lib
creating /mnt/c/Users/jasea/OneDrive - Temple University/Desktop/helios/Robotics-Nav2-SLAM-Example/ros2_docker/colcon_ws/install/vision_transform/lib/python3.10/site-packages/vision_transform
copying /mnt/c/Users/jasea/OneDrive - Temple University/Desktop/helios/Robotics-Nav2-SLAM-Example/ros2_docker/colcon_ws/build/vision_transform/build/lib/vision_transform/yolo_node.py -> /mnt/c/Users/jasea/OneDrive - Temple University/Desktop/helios/Robotics-Nav2-SLAM-Example/ros2_docker/colcon_ws/install/vision_transform/lib/python3.10/site-packages/vision_transform
copying /mnt/c/Users/jasea/OneDrive - Temple University/Desktop/helios/Robotics-Nav2-SLAM-Example/ros2_docker/colcon_ws/build/vision_transform/build/lib/vision_transform/__init__.py -> /mnt/c/Users/jasea/OneDrive - Temple University/Desktop/helios/Robotics-Nav2-SLAM-Example/ros2_docker/colcon_ws/install/vision_transform/lib/python3.10/site-packages/vision_transform
byte-compiling /mnt/c/Users/jasea/OneDrive - Temple University/Desktop/helios/Robotics-Nav2-SLAM-Example/ros2_docker/colcon_ws/install/vision_transform/lib/python3.10/site-packages/vision_transform/yolo_node.py to yolo_node.cpython-310.pyc
byte-compiling /mnt/c/Users/jasea/OneDrive - Temple University/Desktop/helios/Robotics-Nav2-SLAM-Example/ros2_docker/colcon_ws/install/vision_transform/lib/python3.10/site-packages/vision_transform/__init__.py to __init__.cpython-310.pyc
running install_data
creating /mnt/c/Users/jasea/OneDrive - Temple University/Desktop/helios/Robotics-Nav2-SLAM-Example/ros2_docker/colcon_ws/install/vision_transform/share/ament_index
creating /mnt/c/Users/jasea/OneDrive - Temple University/Desktop/helios/Robotics-Nav2-SLAM-Example/ros2_docker/colcon_ws/install/vision_transform/share/ament_index/resource_index
creating /mnt/c/Users/jasea/OneDrive - Temple University/Desktop/helios/Robotics-Nav2-SLAM-Example/ros2_docker/colcon_ws/install/vision_transform/share/ament_index/resource_index/packages
copying resource/vision_transform -> /mnt/c/Users/jasea/OneDrive - Temple University/Desktop/helios/Robotics-Nav2-SLAM-Example/ros2_docker/colcon_ws/install/vision_transform/share/ament_index/resource_index/packages
copying package.xml -> /mnt/c/Users/jasea/OneDrive - Temple University/Desktop/helios/Robotics-Nav2-SLAM-Example/ros2_docker/colcon_ws/install/vision_transform/share/vision_transform
running install_egg_info
Copying ../../build/vision_transform/vision_transform.egg-info to /mnt/c/Users/jasea/OneDrive - Temple University/Desktop/helios/Robotics-Nav2-SLAM-Example/ros2_docker/colcon_ws/install/vision_transform/lib/python3.10/site-packages/vision_transform-0.0.0-py3.10.egg-info
running install_scripts
writing list of installed files to '/mnt/c/Users/jasea/OneDrive - Temple University/Desktop/helios/Robotics-Nav2-SLAM-Example/ros2_docker/colcon_ws/build/vision_transform/install.log'
