[0.874s] DEBUG:colcon:Command line arguments: ['/usr/bin/colcon', 'build']
[0.875s] DEBUG:colcon:Parsed command line arguments: Namespace(log_base=None, log_level=None, verb_name='build', build_base='build', install_base='install', merge_install=False, symlink_install=False, test_result_base=None, continue_on_error=False, executor='parallel', parallel_workers=20, event_handlers=None, ignore_user_meta=False, metas=['./colcon.meta'], base_paths=['.'], packages_ignore=None, packages_ignore_regex=None, paths=None, packages_up_to=None, packages_up_to_regex=None, packages_above=None, packages_above_and_dependencies=None, packages_above_depth=None, packages_select_by_dep=None, packages_skip_by_dep=None, packages_skip_up_to=None, packages_select_build_failed=False, packages_skip_build_finished=False, packages_select_test_failures=False, packages_skip_test_passed=False, packages_select=None, packages_skip=None, packages_select_regex=None, packages_skip_regex=None, packages_start=None, packages_end=None, allow_overriding=[], cmake_args=None, cmake_target=None, cmake_target_skip_unavailable=False, cmake_clean_cache=False, cmake_clean_first=False, cmake_force_configure=False, ament_cmake_args=None, catkin_cmake_args=None, catkin_skip_building_tests=False, mixin_files=None, mixin=None, verb_parser=<colcon_mixin.mixin.mixin_argument.MixinArgumentDecorator object at 0x7facadd10280>, verb_extension=<colcon_core.verb.build.BuildVerb object at 0x7facadcd7c40>, main=<bound method BuildVerb.main of <colcon_core.verb.build.BuildVerb object at 0x7facadcd7c40>>, mixin_verb=('build',))
[1.188s] Level 1:colcon.colcon_core.package_discovery:discover_packages(colcon_meta) check parameters
[1.200s] Level 1:colcon.colcon_core.package_discovery:discover_packages(recursive) check parameters
[1.205s] Level 1:colcon.colcon_core.package_discovery:discover_packages(ignore) check parameters
[1.207s] Level 1:colcon.colcon_core.package_discovery:discover_packages(path) check parameters
[1.208s] Level 1:colcon.colcon_core.package_discovery:discover_packages(colcon_meta) discover
[1.210s] Level 1:colcon.colcon_core.package_discovery:discover_packages(recursive) discover
[1.212s] INFO:colcon.colcon_core.package_discovery:Crawling recursively for packages in '/mnt/c/Users/jasea/OneDrive - Temple University/Desktop/helios/Robotics-Nav2-SLAM-Example/ros2_docker/colcon_ws'
[1.221s] Level 1:colcon.colcon_core.package_identification:_identify(.) by extensions ['ignore', 'ignore_ament_install']
[1.222s] Level 1:colcon.colcon_core.package_identification:_identify(.) by extension 'ignore'
[1.223s] Level 1:colcon.colcon_core.package_identification:_identify(.) by extension 'ignore_ament_install'
[1.224s] Level 1:colcon.colcon_core.package_identification:_identify(.) by extensions ['colcon_pkg']
[1.225s] Level 1:colcon.colcon_core.package_identification:_identify(.) by extension 'colcon_pkg'
[1.226s] Level 1:colcon.colcon_core.package_identification:_identify(.) by extensions ['colcon_meta']
[1.226s] Level 1:colcon.colcon_core.package_identification:_identify(.) by extension 'colcon_meta'
[1.227s] Level 1:colcon.colcon_core.package_identification:_identify(.) by extensions ['ros']
[1.228s] Level 1:colcon.colcon_core.package_identification:_identify(.) by extension 'ros'
[1.251s] Level 1:colcon.colcon_core.package_identification:_identify(.) by extensions ['cmake', 'python']
[1.251s] Level 1:colcon.colcon_core.package_identification:_identify(.) by extension 'cmake'
[1.252s] Level 1:colcon.colcon_core.package_identification:_identify(.) by extension 'python'
[1.254s] Level 1:colcon.colcon_core.package_identification:_identify(.) by extensions ['python_setup_py']
[1.255s] Level 1:colcon.colcon_core.package_identification:_identify(.) by extension 'python_setup_py'
[1.272s] Level 1:colcon.colcon_core.package_identification:_identify(build) by extensions ['ignore', 'ignore_ament_install']
[1.273s] Level 1:colcon.colcon_core.package_identification:_identify(build) by extension 'ignore'
[1.283s] Level 1:colcon.colcon_core.package_identification:_identify(build) ignored
[1.327s] Level 1:colcon.colcon_core.package_identification:_identify(install) by extensions ['ignore', 'ignore_ament_install']
[1.335s] Level 1:colcon.colcon_core.package_identification:_identify(install) by extension 'ignore'
[1.351s] Level 1:colcon.colcon_core.package_identification:_identify(install) ignored
[1.428s] Level 1:colcon.colcon_core.package_identification:_identify(log) by extensions ['ignore', 'ignore_ament_install']
[1.437s] Level 1:colcon.colcon_core.package_identification:_identify(log) by extension 'ignore'
[1.448s] Level 1:colcon.colcon_core.package_identification:_identify(log) ignored
[1.515s] Level 1:colcon.colcon_core.package_identification:_identify(src) by extensions ['ignore', 'ignore_ament_install']
[1.523s] Level 1:colcon.colcon_core.package_identification:_identify(src) by extension 'ignore'
[1.546s] Level 1:colcon.colcon_core.package_identification:_identify(src) by extension 'ignore_ament_install'
[1.557s] Level 1:colcon.colcon_core.package_identification:_identify(src) by extensions ['colcon_pkg']
[1.558s] Level 1:colcon.colcon_core.package_identification:_identify(src) by extension 'colcon_pkg'
[1.568s] Level 1:colcon.colcon_core.package_identification:_identify(src) by extensions ['colcon_meta']
[1.575s] Level 1:colcon.colcon_core.package_identification:_identify(src) by extension 'colcon_meta'
[1.606s] Level 1:colcon.colcon_core.package_identification:_identify(src) by extensions ['ros']
[1.615s] Level 1:colcon.colcon_core.package_identification:_identify(src) by extension 'ros'
[1.655s] Level 1:colcon.colcon_core.package_identification:_identify(src) by extensions ['cmake', 'python']
[1.661s] Level 1:colcon.colcon_core.package_identification:_identify(src) by extension 'cmake'
[1.673s] Level 1:colcon.colcon_core.package_identification:_identify(src) by extension 'python'
[1.687s] Level 1:colcon.colcon_core.package_identification:_identify(src) by extensions ['python_setup_py']
[1.691s] Level 1:colcon.colcon_core.package_identification:_identify(src) by extension 'python_setup_py'
[1.765s] Level 1:colcon.colcon_core.package_identification:_identify(src/ROS-TCP-Endpoint) by extensions ['ignore', 'ignore_ament_install']
[1.770s] Level 1:colcon.colcon_core.package_identification:_identify(src/ROS-TCP-Endpoint) by extension 'ignore'
[1.775s] Level 1:colcon.colcon_core.package_identification:_identify(src/ROS-TCP-Endpoint) by extension 'ignore_ament_install'
[1.807s] Level 1:colcon.colcon_core.package_identification:_identify(src/ROS-TCP-Endpoint) by extensions ['colcon_pkg']
[1.809s] Level 1:colcon.colcon_core.package_identification:_identify(src/ROS-TCP-Endpoint) by extension 'colcon_pkg'
[1.823s] Level 1:colcon.colcon_core.package_identification:_identify(src/ROS-TCP-Endpoint) by extensions ['colcon_meta']
[1.831s] Level 1:colcon.colcon_core.package_identification:_identify(src/ROS-TCP-Endpoint) by extension 'colcon_meta'
[1.844s] Level 1:colcon.colcon_core.package_identification:_identify(src/ROS-TCP-Endpoint) by extensions ['ros']
[1.845s] Level 1:colcon.colcon_core.package_identification:_identify(src/ROS-TCP-Endpoint) by extension 'ros'
[1.997s] DEBUG:colcon.colcon_core.package_identification:Package 'src/ROS-TCP-Endpoint' with type 'ros.ament_python' and name 'ros_tcp_endpoint'
[2.063s] Level 1:colcon.colcon_core.package_identification:_identify(src/unity_slam_example) by extensions ['ignore', 'ignore_ament_install']
[2.072s] Level 1:colcon.colcon_core.package_identification:_identify(src/unity_slam_example) by extension 'ignore'
[2.106s] Level 1:colcon.colcon_core.package_identification:_identify(src/unity_slam_example) by extension 'ignore_ament_install'
[2.135s] Level 1:colcon.colcon_core.package_identification:_identify(src/unity_slam_example) by extensions ['colcon_pkg']
[2.145s] Level 1:colcon.colcon_core.package_identification:_identify(src/unity_slam_example) by extension 'colcon_pkg'
[2.176s] Level 1:colcon.colcon_core.package_identification:_identify(src/unity_slam_example) by extensions ['colcon_meta']
[2.178s] Level 1:colcon.colcon_core.package_identification:_identify(src/unity_slam_example) by extension 'colcon_meta'
[2.190s] Level 1:colcon.colcon_core.package_identification:_identify(src/unity_slam_example) by extensions ['ros']
[2.191s] Level 1:colcon.colcon_core.package_identification:_identify(src/unity_slam_example) by extension 'ros'
[2.347s] DEBUG:colcon.colcon_core.package_identification:Package 'src/unity_slam_example' with type 'ros.ament_python' and name 'unity_slam_example'
[2.383s] Level 1:colcon.colcon_core.package_identification:_identify(src/vision_transform) by extensions ['ignore', 'ignore_ament_install']
[2.392s] Level 1:colcon.colcon_core.package_identification:_identify(src/vision_transform) by extension 'ignore'
[2.405s] Level 1:colcon.colcon_core.package_identification:_identify(src/vision_transform) by extension 'ignore_ament_install'
[2.420s] Level 1:colcon.colcon_core.package_identification:_identify(src/vision_transform) by extensions ['colcon_pkg']
[2.421s] Level 1:colcon.colcon_core.package_identification:_identify(src/vision_transform) by extension 'colcon_pkg'
[2.426s] Level 1:colcon.colcon_core.package_identification:_identify(src/vision_transform) by extensions ['colcon_meta']
[2.427s] Level 1:colcon.colcon_core.package_identification:_identify(src/vision_transform) by extension 'colcon_meta'
[2.436s] Level 1:colcon.colcon_core.package_identification:_identify(src/vision_transform) by extensions ['ros']
[2.437s] Level 1:colcon.colcon_core.package_identification:_identify(src/vision_transform) by extension 'ros'
[2.571s] DEBUG:colcon.colcon_core.package_identification:Package 'src/vision_transform' with type 'ros.ament_python' and name 'vision_transform'
[2.572s] Level 1:colcon.colcon_core.package_discovery:discover_packages(recursive) using defaults
[2.573s] Level 1:colcon.colcon_core.package_discovery:discover_packages(ignore) discover
[2.575s] Level 1:colcon.colcon_core.package_discovery:discover_packages(ignore) using defaults
[2.576s] Level 1:colcon.colcon_core.package_discovery:discover_packages(path) discover
[2.578s] Level 1:colcon.colcon_core.package_discovery:discover_packages(path) using defaults
[2.765s] Level 1:colcon.colcon_core.package_discovery:discover_packages(prefix_path) check parameters
[2.767s] Level 1:colcon.colcon_core.package_discovery:discover_packages(prefix_path) discover
[2.776s] WARNING:colcon.colcon_ros.prefix_path.ament:The path '/home/jaych/robotics/Robotics-Nav2-SLAM-Example/ros2_docker/colcon_ws/install' in the environment variable AMENT_PREFIX_PATH doesn't exist
[2.776s] WARNING:colcon.colcon_ros.prefix_path.catkin:The path '/home/jaych/robotics/Robotics-Nav2-SLAM-Example/ros2_docker/colcon_ws/install' in the environment variable CMAKE_PREFIX_PATH doesn't exist
[2.781s] DEBUG:colcon.colcon_installed_package_information.package_discovery:Found 4 installed packages in /home/jaych/robotics/Robotics-Nav2-SLAM-Example/colcon_ws/install
[2.788s] DEBUG:colcon.colcon_installed_package_information.package_discovery:Found 432 installed packages in /opt/ros/humble
[2.790s] Level 1:colcon.colcon_core.package_discovery:discover_packages(prefix_path) using defaults
[2.890s] Level 5:colcon.colcon_core.verb:set package 'ros_tcp_endpoint' build argument 'cmake_args' from command line to 'None'
[2.892s] Level 5:colcon.colcon_core.verb:set package 'ros_tcp_endpoint' build argument 'cmake_target' from command line to 'None'
[2.893s] Level 5:colcon.colcon_core.verb:set package 'ros_tcp_endpoint' build argument 'cmake_target_skip_unavailable' from command line to 'False'
[2.894s] Level 5:colcon.colcon_core.verb:set package 'ros_tcp_endpoint' build argument 'cmake_clean_cache' from command line to 'False'
[2.895s] Level 5:colcon.colcon_core.verb:set package 'ros_tcp_endpoint' build argument 'cmake_clean_first' from command line to 'False'
[2.896s] Level 5:colcon.colcon_core.verb:set package 'ros_tcp_endpoint' build argument 'cmake_force_configure' from command line to 'False'
[2.897s] Level 5:colcon.colcon_core.verb:set package 'ros_tcp_endpoint' build argument 'ament_cmake_args' from command line to 'None'
[2.897s] Level 5:colcon.colcon_core.verb:set package 'ros_tcp_endpoint' build argument 'catkin_cmake_args' from command line to 'None'
[2.899s] Level 5:colcon.colcon_core.verb:set package 'ros_tcp_endpoint' build argument 'catkin_skip_building_tests' from command line to 'False'
[2.899s] DEBUG:colcon.colcon_core.verb:Building package 'ros_tcp_endpoint' with the following arguments: {'ament_cmake_args': None, 'build_base': '/mnt/c/Users/jasea/OneDrive - Temple University/Desktop/helios/Robotics-Nav2-SLAM-Example/ros2_docker/colcon_ws/build/ros_tcp_endpoint', 'catkin_cmake_args': None, 'catkin_skip_building_tests': False, 'cmake_args': None, 'cmake_clean_cache': False, 'cmake_clean_first': False, 'cmake_force_configure': False, 'cmake_target': None, 'cmake_target_skip_unavailable': False, 'install_base': '/mnt/c/Users/jasea/OneDrive - Temple University/Desktop/helios/Robotics-Nav2-SLAM-Example/ros2_docker/colcon_ws/install/ros_tcp_endpoint', 'merge_install': False, 'path': '/mnt/c/Users/jasea/OneDrive - Temple University/Desktop/helios/Robotics-Nav2-SLAM-Example/ros2_docker/colcon_ws/src/ROS-TCP-Endpoint', 'symlink_install': False, 'test_result_base': None}
[2.900s] Level 5:colcon.colcon_core.verb:set package 'vision_transform' build argument 'cmake_args' from command line to 'None'
[2.901s] Level 5:colcon.colcon_core.verb:set package 'vision_transform' build argument 'cmake_target' from command line to 'None'
[2.902s] Level 5:colcon.colcon_core.verb:set package 'vision_transform' build argument 'cmake_target_skip_unavailable' from command line to 'False'
[2.903s] Level 5:colcon.colcon_core.verb:set package 'vision_transform' build argument 'cmake_clean_cache' from command line to 'False'
[2.904s] Level 5:colcon.colcon_core.verb:set package 'vision_transform' build argument 'cmake_clean_first' from command line to 'False'
[2.904s] Level 5:colcon.colcon_core.verb:set package 'vision_transform' build argument 'cmake_force_configure' from command line to 'False'
[2.905s] Level 5:colcon.colcon_core.verb:set package 'vision_transform' build argument 'ament_cmake_args' from command line to 'None'
[2.906s] Level 5:colcon.colcon_core.verb:set package 'vision_transform' build argument 'catkin_cmake_args' from command line to 'None'
[2.907s] Level 5:colcon.colcon_core.verb:set package 'vision_transform' build argument 'catkin_skip_building_tests' from command line to 'False'
[2.908s] DEBUG:colcon.colcon_core.verb:Building package 'vision_transform' with the following arguments: {'ament_cmake_args': None, 'build_base': '/mnt/c/Users/jasea/OneDrive - Temple University/Desktop/helios/Robotics-Nav2-SLAM-Example/ros2_docker/colcon_ws/build/vision_transform', 'catkin_cmake_args': None, 'catkin_skip_building_tests': False, 'cmake_args': None, 'cmake_clean_cache': False, 'cmake_clean_first': False, 'cmake_force_configure': False, 'cmake_target': None, 'cmake_target_skip_unavailable': False, 'install_base': '/mnt/c/Users/jasea/OneDrive - Temple University/Desktop/helios/Robotics-Nav2-SLAM-Example/ros2_docker/colcon_ws/install/vision_transform', 'merge_install': False, 'path': '/mnt/c/Users/jasea/OneDrive - Temple University/Desktop/helios/Robotics-Nav2-SLAM-Example/ros2_docker/colcon_ws/src/vision_transform', 'symlink_install': False, 'test_result_base': None}
[2.910s] Level 5:colcon.colcon_core.verb:set package 'unity_slam_example' build argument 'cmake_args' from command line to 'None'
[2.911s] Level 5:colcon.colcon_core.verb:set package 'unity_slam_example' build argument 'cmake_target' from command line to 'None'
[2.913s] Level 5:colcon.colcon_core.verb:set package 'unity_slam_example' build argument 'cmake_target_skip_unavailable' from command line to 'False'
[2.913s] Level 5:colcon.colcon_core.verb:set package 'unity_slam_example' build argument 'cmake_clean_cache' from command line to 'False'
[2.915s] Level 5:colcon.colcon_core.verb:set package 'unity_slam_example' build argument 'cmake_clean_first' from command line to 'False'
[2.915s] Level 5:colcon.colcon_core.verb:set package 'unity_slam_example' build argument 'cmake_force_configure' from command line to 'False'
[2.916s] Level 5:colcon.colcon_core.verb:set package 'unity_slam_example' build argument 'ament_cmake_args' from command line to 'None'
[2.917s] Level 5:colcon.colcon_core.verb:set package 'unity_slam_example' build argument 'catkin_cmake_args' from command line to 'None'
[2.918s] Level 5:colcon.colcon_core.verb:set package 'unity_slam_example' build argument 'catkin_skip_building_tests' from command line to 'False'
[2.919s] DEBUG:colcon.colcon_core.verb:Building package 'unity_slam_example' with the following arguments: {'ament_cmake_args': None, 'build_base': '/mnt/c/Users/jasea/OneDrive - Temple University/Desktop/helios/Robotics-Nav2-SLAM-Example/ros2_docker/colcon_ws/build/unity_slam_example', 'catkin_cmake_args': None, 'catkin_skip_building_tests': False, 'cmake_args': None, 'cmake_clean_cache': False, 'cmake_clean_first': False, 'cmake_force_configure': False, 'cmake_target': None, 'cmake_target_skip_unavailable': False, 'install_base': '/mnt/c/Users/jasea/OneDrive - Temple University/Desktop/helios/Robotics-Nav2-SLAM-Example/ros2_docker/colcon_ws/install/unity_slam_example', 'merge_install': False, 'path': '/mnt/c/Users/jasea/OneDrive - Temple University/Desktop/helios/Robotics-Nav2-SLAM-Example/ros2_docker/colcon_ws/src/unity_slam_example', 'symlink_install': False, 'test_result_base': None}
[2.920s] INFO:colcon.colcon_core.executor:Executing jobs using 'parallel' executor
[2.921s] DEBUG:colcon.colcon_parallel_executor.executor.parallel:run_until_complete
[2.923s] INFO:colcon.colcon_ros.task.ament_python.build:Building ROS package in '/mnt/c/Users/jasea/OneDrive - Temple University/Desktop/helios/Robotics-Nav2-SLAM-Example/ros2_docker/colcon_ws/src/vision_transform' with build type 'ament_python'
[2.924s] Level 1:colcon.colcon_core.shell:create_environment_hook('vision_transform', 'ament_prefix_path')
[2.932s] INFO:colcon.colcon_core.plugin_system:Skipping extension 'colcon_core.shell.bat': Not used on non-Windows systems
[2.933s] INFO:colcon.colcon_core.shell:Creating environment hook '/mnt/c/Users/jasea/OneDrive - Temple University/Desktop/helios/Robotics-Nav2-SLAM-Example/ros2_docker/colcon_ws/install/vision_transform/share/vision_transform/hook/ament_prefix_path.ps1'
[2.973s] INFO:colcon.colcon_core.shell:Creating environment descriptor '/mnt/c/Users/jasea/OneDrive - Temple University/Desktop/helios/Robotics-Nav2-SLAM-Example/ros2_docker/colcon_ws/install/vision_transform/share/vision_transform/hook/ament_prefix_path.dsv'
[3.003s] INFO:colcon.colcon_core.shell:Creating environment hook '/mnt/c/Users/jasea/OneDrive - Temple University/Desktop/helios/Robotics-Nav2-SLAM-Example/ros2_docker/colcon_ws/install/vision_transform/share/vision_transform/hook/ament_prefix_path.sh'
[3.035s] INFO:colcon.colcon_core.shell:Skip shell extension 'powershell' for command environment: Not usable outside of PowerShell
[3.036s] DEBUG:colcon.colcon_core.shell:Skip shell extension 'dsv' for command environment
[3.054s] INFO:colcon.colcon_ros.task.ament_python.build:Building ROS package in '/mnt/c/Users/jasea/OneDrive - Temple University/Desktop/helios/Robotics-Nav2-SLAM-Example/ros2_docker/colcon_ws/src/ROS-TCP-Endpoint' with build type 'ament_python'
[3.055s] Level 1:colcon.colcon_core.shell:create_environment_hook('ros_tcp_endpoint', 'ament_prefix_path')
[3.055s] INFO:colcon.colcon_core.shell:Creating environment hook '/mnt/c/Users/jasea/OneDrive - Temple University/Desktop/helios/Robotics-Nav2-SLAM-Example/ros2_docker/colcon_ws/install/ros_tcp_endpoint/share/ros_tcp_endpoint/hook/ament_prefix_path.ps1'
[3.084s] INFO:colcon.colcon_core.shell:Creating environment descriptor '/mnt/c/Users/jasea/OneDrive - Temple University/Desktop/helios/Robotics-Nav2-SLAM-Example/ros2_docker/colcon_ws/install/ros_tcp_endpoint/share/ros_tcp_endpoint/hook/ament_prefix_path.dsv'
[3.121s] INFO:colcon.colcon_core.shell:Creating environment hook '/mnt/c/Users/jasea/OneDrive - Temple University/Desktop/helios/Robotics-Nav2-SLAM-Example/ros2_docker/colcon_ws/install/ros_tcp_endpoint/share/ros_tcp_endpoint/hook/ament_prefix_path.sh'
[3.161s] INFO:colcon.colcon_core.shell:Skip shell extension 'powershell' for command environment: Not usable outside of PowerShell
[3.162s] DEBUG:colcon.colcon_core.shell:Skip shell extension 'dsv' for command environment
[3.486s] INFO:colcon.colcon_core.task.python.build:Building Python package in '/mnt/c/Users/jasea/OneDrive - Temple University/Desktop/helios/Robotics-Nav2-SLAM-Example/ros2_docker/colcon_ws/src/vision_transform'
[3.488s] INFO:colcon.colcon_core.shell:Skip shell extension 'powershell' for command environment: Not usable outside of PowerShell
[3.489s] DEBUG:colcon.colcon_core.shell:Skip shell extension 'dsv' for command environment
[4.242s] INFO:colcon.colcon_core.task.python.build:Building Python package in '/mnt/c/Users/jasea/OneDrive - Temple University/Desktop/helios/Robotics-Nav2-SLAM-Example/ros2_docker/colcon_ws/src/ROS-TCP-Endpoint'
[4.245s] INFO:colcon.colcon_core.shell:Skip shell extension 'powershell' for command environment: Not usable outside of PowerShell
[4.247s] DEBUG:colcon.colcon_core.shell:Skip shell extension 'dsv' for command environment
[8.928s] DEBUG:colcon.colcon_core.event_handler.log_command:Invoking command in '/mnt/c/Users/jasea/OneDrive - Temple University/Desktop/helios/Robotics-Nav2-SLAM-Example/ros2_docker/colcon_ws/src/vision_transform': PYTHONPATH=/mnt/c/Users/jasea/OneDrive - Temple University/Desktop/helios/Robotics-Nav2-SLAM-Example/ros2_docker/colcon_ws/build/vision_transform/prefix_override:/usr/lib/python3/dist-packages/colcon_core/task/python/colcon_distutils_commands:/mnt/c/Users/jasea/OneDrive - Temple University/Desktop/helios/Robotics-Nav2-SLAM-Example/ros2_docker/colcon_ws/install/vision_transform/lib/python3.10/site-packages:${PYTHONPATH} /usr/bin/python3 -W ignore:setup.py install is deprecated -W ignore:easy_install command is deprecated setup.py egg_info --egg-base ../../build/vision_transform build --build-base /mnt/c/Users/jasea/OneDrive - Temple University/Desktop/helios/Robotics-Nav2-SLAM-Example/ros2_docker/colcon_ws/build/vision_transform/build install --record /mnt/c/Users/jasea/OneDrive - Temple University/Desktop/helios/Robotics-Nav2-SLAM-Example/ros2_docker/colcon_ws/build/vision_transform/install.log --single-version-externally-managed install_data
[8.984s] DEBUG:colcon.colcon_core.event_handler.log_command:Invoking command in '/mnt/c/Users/jasea/OneDrive - Temple University/Desktop/helios/Robotics-Nav2-SLAM-Example/ros2_docker/colcon_ws/src/ROS-TCP-Endpoint': PYTHONPATH=/mnt/c/Users/jasea/OneDrive - Temple University/Desktop/helios/Robotics-Nav2-SLAM-Example/ros2_docker/colcon_ws/build/ros_tcp_endpoint/prefix_override:/usr/lib/python3/dist-packages/colcon_core/task/python/colcon_distutils_commands:/mnt/c/Users/jasea/OneDrive - Temple University/Desktop/helios/Robotics-Nav2-SLAM-Example/ros2_docker/colcon_ws/install/ros_tcp_endpoint/lib/python3.10/site-packages:${PYTHONPATH} /usr/bin/python3 -W ignore:setup.py install is deprecated -W ignore:easy_install command is deprecated setup.py egg_info --egg-base ../../build/ros_tcp_endpoint build --build-base /mnt/c/Users/jasea/OneDrive - Temple University/Desktop/helios/Robotics-Nav2-SLAM-Example/ros2_docker/colcon_ws/build/ros_tcp_endpoint/build install --record /mnt/c/Users/jasea/OneDrive - Temple University/Desktop/helios/Robotics-Nav2-SLAM-Example/ros2_docker/colcon_ws/build/ros_tcp_endpoint/install.log --install-scripts $base/lib/ros_tcp_endpoint --single-version-externally-managed install_data
[14.254s] DEBUG:colcon.colcon_core.event_handler.log_command:Invoked command in '/mnt/c/Users/jasea/OneDrive - Temple University/Desktop/helios/Robotics-Nav2-SLAM-Example/ros2_docker/colcon_ws/src/vision_transform' returned '0': PYTHONPATH=/mnt/c/Users/jasea/OneDrive - Temple University/Desktop/helios/Robotics-Nav2-SLAM-Example/ros2_docker/colcon_ws/build/vision_transform/prefix_override:/usr/lib/python3/dist-packages/colcon_core/task/python/colcon_distutils_commands:/mnt/c/Users/jasea/OneDrive - Temple University/Desktop/helios/Robotics-Nav2-SLAM-Example/ros2_docker/colcon_ws/install/vision_transform/lib/python3.10/site-packages:${PYTHONPATH} /usr/bin/python3 -W ignore:setup.py install is deprecated -W ignore:easy_install command is deprecated setup.py egg_info --egg-base ../../build/vision_transform build --build-base /mnt/c/Users/jasea/OneDrive - Temple University/Desktop/helios/Robotics-Nav2-SLAM-Example/ros2_docker/colcon_ws/build/vision_transform/build install --record /mnt/c/Users/jasea/OneDrive - Temple University/Desktop/helios/Robotics-Nav2-SLAM-Example/ros2_docker/colcon_ws/build/vision_transform/install.log --single-version-externally-managed install_data
[14.258s] Level 1:colcon.colcon_core.environment:checking '/mnt/c/Users/jasea/OneDrive - Temple University/Desktop/helios/Robotics-Nav2-SLAM-Example/ros2_docker/colcon_ws/install/vision_transform' for CMake module files
[14.495s] Level 1:colcon.colcon_core.environment:checking '/mnt/c/Users/jasea/OneDrive - Temple University/Desktop/helios/Robotics-Nav2-SLAM-Example/ros2_docker/colcon_ws/install/vision_transform' for CMake config files
[15.192s] Level 1:colcon.colcon_core.environment:checking '/mnt/c/Users/jasea/OneDrive - Temple University/Desktop/helios/Robotics-Nav2-SLAM-Example/ros2_docker/colcon_ws/install/vision_transform/lib'
[15.222s] Level 1:colcon.colcon_core.environment:checking '/mnt/c/Users/jasea/OneDrive - Temple University/Desktop/helios/Robotics-Nav2-SLAM-Example/ros2_docker/colcon_ws/install/vision_transform/bin'
[15.230s] Level 1:colcon.colcon_core.environment:checking '/mnt/c/Users/jasea/OneDrive - Temple University/Desktop/helios/Robotics-Nav2-SLAM-Example/ros2_docker/colcon_ws/install/vision_transform/lib/pkgconfig/vision_transform.pc'
[15.238s] Level 1:colcon.colcon_core.environment:checking '/mnt/c/Users/jasea/OneDrive - Temple University/Desktop/helios/Robotics-Nav2-SLAM-Example/ros2_docker/colcon_ws/install/vision_transform/lib/python3.10/site-packages'
[15.250s] Level 1:colcon.colcon_core.shell:create_environment_hook('vision_transform', 'pythonpath')
[15.251s] INFO:colcon.colcon_core.shell:Creating environment hook '/mnt/c/Users/jasea/OneDrive - Temple University/Desktop/helios/Robotics-Nav2-SLAM-Example/ros2_docker/colcon_ws/install/vision_transform/share/vision_transform/hook/pythonpath.ps1'
[15.397s] INFO:colcon.colcon_core.shell:Creating environment descriptor '/mnt/c/Users/jasea/OneDrive - Temple University/Desktop/helios/Robotics-Nav2-SLAM-Example/ros2_docker/colcon_ws/install/vision_transform/share/vision_transform/hook/pythonpath.dsv'
[15.489s] INFO:colcon.colcon_core.shell:Creating environment hook '/mnt/c/Users/jasea/OneDrive - Temple University/Desktop/helios/Robotics-Nav2-SLAM-Example/ros2_docker/colcon_ws/install/vision_transform/share/vision_transform/hook/pythonpath.sh'
[15.566s] Level 1:colcon.colcon_core.environment:checking '/mnt/c/Users/jasea/OneDrive - Temple University/Desktop/helios/Robotics-Nav2-SLAM-Example/ros2_docker/colcon_ws/install/vision_transform/bin'
[15.575s] Level 1:colcon.colcon_core.environment:create_environment_scripts_only(vision_transform)
[15.576s] INFO:colcon.colcon_core.shell:Creating package script '/mnt/c/Users/jasea/OneDrive - Temple University/Desktop/helios/Robotics-Nav2-SLAM-Example/ros2_docker/colcon_ws/install/vision_transform/share/vision_transform/package.ps1'
[15.694s] INFO:colcon.colcon_core.shell:Creating package descriptor '/mnt/c/Users/jasea/OneDrive - Temple University/Desktop/helios/Robotics-Nav2-SLAM-Example/ros2_docker/colcon_ws/install/vision_transform/share/vision_transform/package.dsv'
[15.746s] INFO:colcon.colcon_core.shell:Creating package script '/mnt/c/Users/jasea/OneDrive - Temple University/Desktop/helios/Robotics-Nav2-SLAM-Example/ros2_docker/colcon_ws/install/vision_transform/share/vision_transform/package.sh'
[15.784s] INFO:colcon.colcon_core.shell:Creating package script '/mnt/c/Users/jasea/OneDrive - Temple University/Desktop/helios/Robotics-Nav2-SLAM-Example/ros2_docker/colcon_ws/install/vision_transform/share/vision_transform/package.bash'
[15.869s] INFO:colcon.colcon_core.shell:Creating package script '/mnt/c/Users/jasea/OneDrive - Temple University/Desktop/helios/Robotics-Nav2-SLAM-Example/ros2_docker/colcon_ws/install/vision_transform/share/vision_transform/package.zsh'
[15.971s] Level 1:colcon.colcon_core.environment:create_file_with_runtime_dependencies(/mnt/c/Users/jasea/OneDrive - Temple University/Desktop/helios/Robotics-Nav2-SLAM-Example/ros2_docker/colcon_ws/install/vision_transform/share/colcon-core/packages/vision_transform)
[16.002s] INFO:colcon.colcon_ros.task.ament_python.build:Building ROS package in '/mnt/c/Users/jasea/OneDrive - Temple University/Desktop/helios/Robotics-Nav2-SLAM-Example/ros2_docker/colcon_ws/src/unity_slam_example' with build type 'ament_python'
[16.003s] Level 1:colcon.colcon_core.shell:create_environment_hook('unity_slam_example', 'ament_prefix_path')
[16.005s] INFO:colcon.colcon_core.shell:Creating environment hook '/mnt/c/Users/jasea/OneDrive - Temple University/Desktop/helios/Robotics-Nav2-SLAM-Example/ros2_docker/colcon_ws/install/unity_slam_example/share/unity_slam_example/hook/ament_prefix_path.ps1'
[16.053s] INFO:colcon.colcon_core.shell:Creating environment descriptor '/mnt/c/Users/jasea/OneDrive - Temple University/Desktop/helios/Robotics-Nav2-SLAM-Example/ros2_docker/colcon_ws/install/unity_slam_example/share/unity_slam_example/hook/ament_prefix_path.dsv'
[16.080s] INFO:colcon.colcon_core.shell:Creating environment hook '/mnt/c/Users/jasea/OneDrive - Temple University/Desktop/helios/Robotics-Nav2-SLAM-Example/ros2_docker/colcon_ws/install/unity_slam_example/share/unity_slam_example/hook/ament_prefix_path.sh'
[16.114s] INFO:colcon.colcon_core.shell:Skip shell extension 'powershell' for command environment: Not usable outside of PowerShell
[16.115s] DEBUG:colcon.colcon_core.shell:Skip shell extension 'dsv' for command environment
[19.524s] INFO:colcon.colcon_core.task.python.build:Building Python package in '/mnt/c/Users/jasea/OneDrive - Temple University/Desktop/helios/Robotics-Nav2-SLAM-Example/ros2_docker/colcon_ws/src/unity_slam_example'
[19.525s] INFO:colcon.colcon_core.shell:Skip shell extension 'powershell' for command environment: Not usable outside of PowerShell
[19.526s] DEBUG:colcon.colcon_core.shell:Skip shell extension 'dsv' for command environment
[19.615s] Level 1:colcon.colcon_core.environment:checking '/mnt/c/Users/jasea/OneDrive - Temple University/Desktop/helios/Robotics-Nav2-SLAM-Example/ros2_docker/colcon_ws/install/ros_tcp_endpoint' for CMake module files
[19.623s] DEBUG:colcon.colcon_core.event_handler.log_command:Invoked command in '/mnt/c/Users/jasea/OneDrive - Temple University/Desktop/helios/Robotics-Nav2-SLAM-Example/ros2_docker/colcon_ws/src/ROS-TCP-Endpoint' returned '0': PYTHONPATH=/mnt/c/Users/jasea/OneDrive - Temple University/Desktop/helios/Robotics-Nav2-SLAM-Example/ros2_docker/colcon_ws/build/ros_tcp_endpoint/prefix_override:/usr/lib/python3/dist-packages/colcon_core/task/python/colcon_distutils_commands:/mnt/c/Users/jasea/OneDrive - Temple University/Desktop/helios/Robotics-Nav2-SLAM-Example/ros2_docker/colcon_ws/install/ros_tcp_endpoint/lib/python3.10/site-packages:${PYTHONPATH} /usr/bin/python3 -W ignore:setup.py install is deprecated -W ignore:easy_install command is deprecated setup.py egg_info --egg-base ../../build/ros_tcp_endpoint build --build-base /mnt/c/Users/jasea/OneDrive - Temple University/Desktop/helios/Robotics-Nav2-SLAM-Example/ros2_docker/colcon_ws/build/ros_tcp_endpoint/build install --record /mnt/c/Users/jasea/OneDrive - Temple University/Desktop/helios/Robotics-Nav2-SLAM-Example/ros2_docker/colcon_ws/build/ros_tcp_endpoint/install.log --install-scripts $base/lib/ros_tcp_endpoint --single-version-externally-managed install_data
[20.065s] Level 1:colcon.colcon_core.environment:checking '/mnt/c/Users/jasea/OneDrive - Temple University/Desktop/helios/Robotics-Nav2-SLAM-Example/ros2_docker/colcon_ws/install/ros_tcp_endpoint' for CMake config files
[20.698s] Level 1:colcon.colcon_core.environment:checking '/mnt/c/Users/jasea/OneDrive - Temple University/Desktop/helios/Robotics-Nav2-SLAM-Example/ros2_docker/colcon_ws/install/ros_tcp_endpoint/lib'
[20.753s] Level 1:colcon.colcon_core.environment:checking '/mnt/c/Users/jasea/OneDrive - Temple University/Desktop/helios/Robotics-Nav2-SLAM-Example/ros2_docker/colcon_ws/install/ros_tcp_endpoint/bin'
[20.762s] Level 1:colcon.colcon_core.environment:checking '/mnt/c/Users/jasea/OneDrive - Temple University/Desktop/helios/Robotics-Nav2-SLAM-Example/ros2_docker/colcon_ws/install/ros_tcp_endpoint/lib/pkgconfig/ros_tcp_endpoint.pc'
[20.774s] Level 1:colcon.colcon_core.environment:checking '/mnt/c/Users/jasea/OneDrive - Temple University/Desktop/helios/Robotics-Nav2-SLAM-Example/ros2_docker/colcon_ws/install/ros_tcp_endpoint/lib/python3.10/site-packages'
[20.793s] Level 1:colcon.colcon_core.shell:create_environment_hook('ros_tcp_endpoint', 'pythonpath')
[20.798s] INFO:colcon.colcon_core.shell:Creating environment hook '/mnt/c/Users/jasea/OneDrive - Temple University/Desktop/helios/Robotics-Nav2-SLAM-Example/ros2_docker/colcon_ws/install/ros_tcp_endpoint/share/ros_tcp_endpoint/hook/pythonpath.ps1'
[20.862s] INFO:colcon.colcon_core.shell:Creating environment descriptor '/mnt/c/Users/jasea/OneDrive - Temple University/Desktop/helios/Robotics-Nav2-SLAM-Example/ros2_docker/colcon_ws/install/ros_tcp_endpoint/share/ros_tcp_endpoint/hook/pythonpath.dsv'
[20.918s] INFO:colcon.colcon_core.shell:Creating environment hook '/mnt/c/Users/jasea/OneDrive - Temple University/Desktop/helios/Robotics-Nav2-SLAM-Example/ros2_docker/colcon_ws/install/ros_tcp_endpoint/share/ros_tcp_endpoint/hook/pythonpath.sh'
[20.969s] Level 1:colcon.colcon_core.environment:checking '/mnt/c/Users/jasea/OneDrive - Temple University/Desktop/helios/Robotics-Nav2-SLAM-Example/ros2_docker/colcon_ws/install/ros_tcp_endpoint/bin'
[20.973s] Level 1:colcon.colcon_core.environment:create_environment_scripts_only(ros_tcp_endpoint)
[20.974s] INFO:colcon.colcon_core.shell:Creating package script '/mnt/c/Users/jasea/OneDrive - Temple University/Desktop/helios/Robotics-Nav2-SLAM-Example/ros2_docker/colcon_ws/install/ros_tcp_endpoint/share/ros_tcp_endpoint/package.ps1'
[21.013s] INFO:colcon.colcon_core.shell:Creating package descriptor '/mnt/c/Users/jasea/OneDrive - Temple University/Desktop/helios/Robotics-Nav2-SLAM-Example/ros2_docker/colcon_ws/install/ros_tcp_endpoint/share/ros_tcp_endpoint/package.dsv'
[21.193s] INFO:colcon.colcon_core.shell:Creating package script '/mnt/c/Users/jasea/OneDrive - Temple University/Desktop/helios/Robotics-Nav2-SLAM-Example/ros2_docker/colcon_ws/install/ros_tcp_endpoint/share/ros_tcp_endpoint/package.sh'
[21.364s] INFO:colcon.colcon_core.shell:Creating package script '/mnt/c/Users/jasea/OneDrive - Temple University/Desktop/helios/Robotics-Nav2-SLAM-Example/ros2_docker/colcon_ws/install/ros_tcp_endpoint/share/ros_tcp_endpoint/package.bash'
[21.444s] INFO:colcon.colcon_core.shell:Creating package script '/mnt/c/Users/jasea/OneDrive - Temple University/Desktop/helios/Robotics-Nav2-SLAM-Example/ros2_docker/colcon_ws/install/ros_tcp_endpoint/share/ros_tcp_endpoint/package.zsh'
[21.533s] Level 1:colcon.colcon_core.environment:create_file_with_runtime_dependencies(/mnt/c/Users/jasea/OneDrive - Temple University/Desktop/helios/Robotics-Nav2-SLAM-Example/ros2_docker/colcon_ws/install/ros_tcp_endpoint/share/colcon-core/packages/ros_tcp_endpoint)
[33.039s] DEBUG:colcon.colcon_core.event_handler.log_command:Invoking command in '/mnt/c/Users/jasea/OneDrive - Temple University/Desktop/helios/Robotics-Nav2-SLAM-Example/ros2_docker/colcon_ws/src/unity_slam_example': AMENT_PREFIX_PATH=/mnt/c/Users/jasea/OneDrive - Temple University/Desktop/helios/Robotics-Nav2-SLAM-Example/ros2_docker/colcon_ws/install/vision_transform:${AMENT_PREFIX_PATH} PYTHONPATH=/mnt/c/Users/jasea/OneDrive - Temple University/Desktop/helios/Robotics-Nav2-SLAM-Example/ros2_docker/colcon_ws/build/unity_slam_example/prefix_override:/usr/lib/python3/dist-packages/colcon_core/task/python/colcon_distutils_commands:/mnt/c/Users/jasea/OneDrive - Temple University/Desktop/helios/Robotics-Nav2-SLAM-Example/ros2_docker/colcon_ws/install/unity_slam_example/lib/python3.10/site-packages:/mnt/c/Users/jasea/OneDrive - Temple University/Desktop/helios/Robotics-Nav2-SLAM-Example/ros2_docker/colcon_ws/install/vision_transform/lib/python3.10/site-packages:${PYTHONPATH} /usr/bin/python3 -W ignore:setup.py install is deprecated -W ignore:easy_install command is deprecated setup.py egg_info --egg-base ../../build/unity_slam_example build --build-base /mnt/c/Users/jasea/OneDrive - Temple University/Desktop/helios/Robotics-Nav2-SLAM-Example/ros2_docker/colcon_ws/build/unity_slam_example/build install --record /mnt/c/Users/jasea/OneDrive - Temple University/Desktop/helios/Robotics-Nav2-SLAM-Example/ros2_docker/colcon_ws/build/unity_slam_example/install.log --install-scripts $base/lib/unity_slam_example --single-version-externally-managed install_data
[48.640s] Level 1:colcon.colcon_core.environment:checking '/mnt/c/Users/jasea/OneDrive - Temple University/Desktop/helios/Robotics-Nav2-SLAM-Example/ros2_docker/colcon_ws/install/unity_slam_example' for CMake module files
[48.652s] DEBUG:colcon.colcon_core.event_handler.log_command:Invoked command in '/mnt/c/Users/jasea/OneDrive - Temple University/Desktop/helios/Robotics-Nav2-SLAM-Example/ros2_docker/colcon_ws/src/unity_slam_example' returned '0': AMENT_PREFIX_PATH=/mnt/c/Users/jasea/OneDrive - Temple University/Desktop/helios/Robotics-Nav2-SLAM-Example/ros2_docker/colcon_ws/install/vision_transform:${AMENT_PREFIX_PATH} PYTHONPATH=/mnt/c/Users/jasea/OneDrive - Temple University/Desktop/helios/Robotics-Nav2-SLAM-Example/ros2_docker/colcon_ws/build/unity_slam_example/prefix_override:/usr/lib/python3/dist-packages/colcon_core/task/python/colcon_distutils_commands:/mnt/c/Users/jasea/OneDrive - Temple University/Desktop/helios/Robotics-Nav2-SLAM-Example/ros2_docker/colcon_ws/install/unity_slam_example/lib/python3.10/site-packages:/mnt/c/Users/jasea/OneDrive - Temple University/Desktop/helios/Robotics-Nav2-SLAM-Example/ros2_docker/colcon_ws/install/vision_transform/lib/python3.10/site-packages:${PYTHONPATH} /usr/bin/python3 -W ignore:setup.py install is deprecated -W ignore:easy_install command is deprecated setup.py egg_info --egg-base ../../build/unity_slam_example build --build-base /mnt/c/Users/jasea/OneDrive - Temple University/Desktop/helios/Robotics-Nav2-SLAM-Example/ros2_docker/colcon_ws/build/unity_slam_example/build install --record /mnt/c/Users/jasea/OneDrive - Temple University/Desktop/helios/Robotics-Nav2-SLAM-Example/ros2_docker/colcon_ws/build/unity_slam_example/install.log --install-scripts $base/lib/unity_slam_example --single-version-externally-managed install_data
[49.490s] Level 1:colcon.colcon_core.environment:checking '/mnt/c/Users/jasea/OneDrive - Temple University/Desktop/helios/Robotics-Nav2-SLAM-Example/ros2_docker/colcon_ws/install/unity_slam_example' for CMake config files
[50.437s] Level 1:colcon.colcon_core.environment:checking '/mnt/c/Users/jasea/OneDrive - Temple University/Desktop/helios/Robotics-Nav2-SLAM-Example/ros2_docker/colcon_ws/install/unity_slam_example/lib'
[50.472s] Level 1:colcon.colcon_core.environment:checking '/mnt/c/Users/jasea/OneDrive - Temple University/Desktop/helios/Robotics-Nav2-SLAM-Example/ros2_docker/colcon_ws/install/unity_slam_example/bin'
[50.484s] Level 1:colcon.colcon_core.environment:checking '/mnt/c/Users/jasea/OneDrive - Temple University/Desktop/helios/Robotics-Nav2-SLAM-Example/ros2_docker/colcon_ws/install/unity_slam_example/lib/pkgconfig/unity_slam_example.pc'
[50.501s] Level 1:colcon.colcon_core.environment:checking '/mnt/c/Users/jasea/OneDrive - Temple University/Desktop/helios/Robotics-Nav2-SLAM-Example/ros2_docker/colcon_ws/install/unity_slam_example/lib/python3.10/site-packages'
[50.549s] Level 1:colcon.colcon_core.shell:create_environment_hook('unity_slam_example', 'pythonpath')
[50.552s] INFO:colcon.colcon_core.shell:Creating environment hook '/mnt/c/Users/jasea/OneDrive - Temple University/Desktop/helios/Robotics-Nav2-SLAM-Example/ros2_docker/colcon_ws/install/unity_slam_example/share/unity_slam_example/hook/pythonpath.ps1'
[50.665s] INFO:colcon.colcon_core.shell:Creating environment descriptor '/mnt/c/Users/jasea/OneDrive - Temple University/Desktop/helios/Robotics-Nav2-SLAM-Example/ros2_docker/colcon_ws/install/unity_slam_example/share/unity_slam_example/hook/pythonpath.dsv'
[50.731s] INFO:colcon.colcon_core.shell:Creating environment hook '/mnt/c/Users/jasea/OneDrive - Temple University/Desktop/helios/Robotics-Nav2-SLAM-Example/ros2_docker/colcon_ws/install/unity_slam_example/share/unity_slam_example/hook/pythonpath.sh'
[50.788s] Level 1:colcon.colcon_core.environment:checking '/mnt/c/Users/jasea/OneDrive - Temple University/Desktop/helios/Robotics-Nav2-SLAM-Example/ros2_docker/colcon_ws/install/unity_slam_example/bin'
[50.792s] Level 1:colcon.colcon_core.environment:create_environment_scripts_only(unity_slam_example)
[50.794s] INFO:colcon.colcon_core.shell:Creating package script '/mnt/c/Users/jasea/OneDrive - Temple University/Desktop/helios/Robotics-Nav2-SLAM-Example/ros2_docker/colcon_ws/install/unity_slam_example/share/unity_slam_example/package.ps1'
[50.899s] INFO:colcon.colcon_core.shell:Creating package descriptor '/mnt/c/Users/jasea/OneDrive - Temple University/Desktop/helios/Robotics-Nav2-SLAM-Example/ros2_docker/colcon_ws/install/unity_slam_example/share/unity_slam_example/package.dsv'
[50.990s] INFO:colcon.colcon_core.shell:Creating package script '/mnt/c/Users/jasea/OneDrive - Temple University/Desktop/helios/Robotics-Nav2-SLAM-Example/ros2_docker/colcon_ws/install/unity_slam_example/share/unity_slam_example/package.sh'
[51.064s] INFO:colcon.colcon_core.shell:Creating package script '/mnt/c/Users/jasea/OneDrive - Temple University/Desktop/helios/Robotics-Nav2-SLAM-Example/ros2_docker/colcon_ws/install/unity_slam_example/share/unity_slam_example/package.bash'
[51.112s] INFO:colcon.colcon_core.shell:Creating package script '/mnt/c/Users/jasea/OneDrive - Temple University/Desktop/helios/Robotics-Nav2-SLAM-Example/ros2_docker/colcon_ws/install/unity_slam_example/share/unity_slam_example/package.zsh'
[51.231s] Level 1:colcon.colcon_core.environment:create_file_with_runtime_dependencies(/mnt/c/Users/jasea/OneDrive - Temple University/Desktop/helios/Robotics-Nav2-SLAM-Example/ros2_docker/colcon_ws/install/unity_slam_example/share/colcon-core/packages/unity_slam_example)
[51.272s] DEBUG:colcon.colcon_parallel_executor.executor.parallel:closing loop
[51.274s] DEBUG:colcon.colcon_parallel_executor.executor.parallel:loop closed
[51.275s] DEBUG:colcon.colcon_parallel_executor.executor.parallel:run_until_complete finished with '0'
[51.276s] DEBUG:colcon.colcon_core.event_reactor:joining thread
[51.489s] INFO:colcon.colcon_core.plugin_system:Skipping extension 'colcon_notification.desktop_notification.notify_send': Could not find 'notify-send'
[51.490s] INFO:colcon.colcon_core.plugin_system:Skipping extension 'colcon_notification.desktop_notification.terminal_notifier': Not used on non-Darwin systems
[51.493s] INFO:colcon.colcon_core.plugin_system:Skipping extension 'colcon_notification.desktop_notification.win32': Not used on non-Windows systems
[51.493s] INFO:colcon.colcon_notification.desktop_notification:Sending desktop notification using 'notify2'
[51.499s] DEBUG:colcon.colcon_notification.desktop_notification.notify2:Failed to initialize notify2: org.freedesktop.DBus.Error.ServiceUnknown: The name org.freedesktop.Notifications was not provided by any .service files
[51.501s] DEBUG:colcon.colcon_core.event_reactor:joined thread
[51.502s] INFO:colcon.colcon_core.shell:Creating prefix script '/mnt/c/Users/jasea/OneDrive - Temple University/Desktop/helios/Robotics-Nav2-SLAM-Example/ros2_docker/colcon_ws/install/local_setup.ps1'
[51.550s] INFO:colcon.colcon_core.shell:Creating prefix util module '/mnt/c/Users/jasea/OneDrive - Temple University/Desktop/helios/Robotics-Nav2-SLAM-Example/ros2_docker/colcon_ws/install/_local_setup_util_ps1.py'
[51.589s] INFO:colcon.colcon_core.shell:Creating prefix chain script '/mnt/c/Users/jasea/OneDrive - Temple University/Desktop/helios/Robotics-Nav2-SLAM-Example/ros2_docker/colcon_ws/install/setup.ps1'
[51.662s] INFO:colcon.colcon_core.shell:Creating prefix script '/mnt/c/Users/jasea/OneDrive - Temple University/Desktop/helios/Robotics-Nav2-SLAM-Example/ros2_docker/colcon_ws/install/local_setup.sh'
[51.747s] INFO:colcon.colcon_core.shell:Creating prefix util module '/mnt/c/Users/jasea/OneDrive - Temple University/Desktop/helios/Robotics-Nav2-SLAM-Example/ros2_docker/colcon_ws/install/_local_setup_util_sh.py'
[51.813s] INFO:colcon.colcon_core.shell:Creating prefix chain script '/mnt/c/Users/jasea/OneDrive - Temple University/Desktop/helios/Robotics-Nav2-SLAM-Example/ros2_docker/colcon_ws/install/setup.sh'
[51.904s] INFO:colcon.colcon_core.shell:Creating prefix script '/mnt/c/Users/jasea/OneDrive - Temple University/Desktop/helios/Robotics-Nav2-SLAM-Example/ros2_docker/colcon_ws/install/local_setup.bash'
[51.981s] INFO:colcon.colcon_core.shell:Creating prefix chain script '/mnt/c/Users/jasea/OneDrive - Temple University/Desktop/helios/Robotics-Nav2-SLAM-Example/ros2_docker/colcon_ws/install/setup.bash'
[52.041s] INFO:colcon.colcon_core.shell:Creating prefix script '/mnt/c/Users/jasea/OneDrive - Temple University/Desktop/helios/Robotics-Nav2-SLAM-Example/ros2_docker/colcon_ws/install/local_setup.zsh'
[52.075s] INFO:colcon.colcon_core.shell:Creating prefix chain script '/mnt/c/Users/jasea/OneDrive - Temple University/Desktop/helios/Robotics-Nav2-SLAM-Example/ros2_docker/colcon_ws/install/setup.zsh'
