[1.435s] Invoking command in '/mnt/c/Users/jasea/OneDrive - Temple University/Desktop/helios/Robotics-Nav2-SLAM-Example/ros2_docker/colcon_ws/src/ROS-TCP-Endpoint': PYTHONPATH=/mnt/c/Users/jasea/OneDrive - Temple University/Desktop/helios/Robotics-Nav2-SLAM-Example/ros2_docker/colcon_ws/build/ros_tcp_endpoint/prefix_override:/usr/lib/python3/dist-packages/colcon_core/task/python/colcon_distutils_commands:/mnt/c/Users/jasea/OneDrive - Temple University/Desktop/helios/Robotics-Nav2-SLAM-Example/ros2_docker/colcon_ws/install/ros_tcp_endpoint/lib/python3.10/site-packages:${PYTHONPATH} /usr/bin/python3 -W ignore:setup.py install is deprecated -W ignore:easy_install command is deprecated setup.py egg_info --egg-base ../../build/ros_tcp_endpoint build --build-base /mnt/c/Users/jasea/OneDrive - Temple University/Desktop/helios/Robotics-Nav2-SLAM-Example/ros2_docker/colcon_ws/build/ros_tcp_endpoint/build install --record /mnt/c/Users/jasea/OneDrive - Temple University/Desktop/helios/Robotics-Nav2-SLAM-Example/ros2_docker/colcon_ws/build/ros_tcp_endpoint/install.log --install-scripts $base/lib/ros_tcp_endpoint --single-version-externally-managed install_data
[1.862s] /home/jaych/.local/lib/python3.10/site-packages/setuptools/dist.py:717: UserWarning: Usage of dash-separated 'script-dir' will not be supported in future versions. Please use the underscore name 'script_dir' instead
[1.862s]   warnings.warn(
[1.894s] running egg_info
[1.899s] creating ../../build/ros_tcp_endpoint/ros_tcp_endpoint.egg-info
[1.902s] writing ../../build/ros_tcp_endpoint/ros_tcp_endpoint.egg-info/PKG-INFO
[1.921s] writing dependency_links to ../../build/ros_tcp_endpoint/ros_tcp_endpoint.egg-info/dependency_links.txt
[1.937s] writing entry points to ../../build/ros_tcp_endpoint/ros_tcp_endpoint.egg-info/entry_points.txt
[1.948s] writing requirements to ../../build/ros_tcp_endpoint/ros_tcp_endpoint.egg-info/requires.txt
[1.966s] writing top-level names to ../../build/ros_tcp_endpoint/ros_tcp_endpoint.egg-info/top_level.txt
[1.979s] writing manifest file '../../build/ros_tcp_endpoint/ros_tcp_endpoint.egg-info/SOURCES.txt'
[2.024s] reading manifest file '../../build/ros_tcp_endpoint/ros_tcp_endpoint.egg-info/SOURCES.txt'
[2.069s] adding license file 'LICENSE'
[2.132s] writing manifest file '../../build/ros_tcp_endpoint/ros_tcp_endpoint.egg-info/SOURCES.txt'
[2.137s] running build
[2.139s] running build_py
[2.152s] creating /mnt/c/Users/jasea/OneDrive - Temple University/Desktop/helios/Robotics-Nav2-SLAM-Example/ros2_docker/colcon_ws/build/ros_tcp_endpoint/build
[2.159s] creating /mnt/c/Users/jasea/OneDrive - Temple University/Desktop/helios/Robotics-Nav2-SLAM-Example/ros2_docker/colcon_ws/build/ros_tcp_endpoint/build/lib
[2.163s] creating /mnt/c/Users/jasea/OneDrive - Temple University/Desktop/helios/Robotics-Nav2-SLAM-Example/ros2_docker/colcon_ws/build/ros_tcp_endpoint/build/lib/ros_tcp_endpoint
[2.176s] copying ros_tcp_endpoint/client.py -> /mnt/c/Users/jasea/OneDrive - Temple University/Desktop/helios/Robotics-Nav2-SLAM-Example/ros2_docker/colcon_ws/build/ros_tcp_endpoint/build/lib/ros_tcp_endpoint
[2.213s] copying ros_tcp_endpoint/communication.py -> /mnt/c/Users/jasea/OneDrive - Temple University/Desktop/helios/Robotics-Nav2-SLAM-Example/ros2_docker/colcon_ws/build/ros_tcp_endpoint/build/lib/ros_tcp_endpoint
[2.248s] copying ros_tcp_endpoint/default_server_endpoint.py -> /mnt/c/Users/jasea/OneDrive - Temple University/Desktop/helios/Robotics-Nav2-SLAM-Example/ros2_docker/colcon_ws/build/ros_tcp_endpoint/build/lib/ros_tcp_endpoint
[2.273s] copying ros_tcp_endpoint/exceptions.py -> /mnt/c/Users/jasea/OneDrive - Temple University/Desktop/helios/Robotics-Nav2-SLAM-Example/ros2_docker/colcon_ws/build/ros_tcp_endpoint/build/lib/ros_tcp_endpoint
[2.318s] copying ros_tcp_endpoint/publisher.py -> /mnt/c/Users/jasea/OneDrive - Temple University/Desktop/helios/Robotics-Nav2-SLAM-Example/ros2_docker/colcon_ws/build/ros_tcp_endpoint/build/lib/ros_tcp_endpoint
[2.377s] copying ros_tcp_endpoint/server.py -> /mnt/c/Users/jasea/OneDrive - Temple University/Desktop/helios/Robotics-Nav2-SLAM-Example/ros2_docker/colcon_ws/build/ros_tcp_endpoint/build/lib/ros_tcp_endpoint
[2.464s] copying ros_tcp_endpoint/service.py -> /mnt/c/Users/jasea/OneDrive - Temple University/Desktop/helios/Robotics-Nav2-SLAM-Example/ros2_docker/colcon_ws/build/ros_tcp_endpoint/build/lib/ros_tcp_endpoint
[2.530s] copying ros_tcp_endpoint/subscriber.py -> /mnt/c/Users/jasea/OneDrive - Temple University/Desktop/helios/Robotics-Nav2-SLAM-Example/ros2_docker/colcon_ws/build/ros_tcp_endpoint/build/lib/ros_tcp_endpoint
[2.590s] copying ros_tcp_endpoint/tcp_sender.py -> /mnt/c/Users/jasea/OneDrive - Temple University/Desktop/helios/Robotics-Nav2-SLAM-Example/ros2_docker/colcon_ws/build/ros_tcp_endpoint/build/lib/ros_tcp_endpoint
[2.657s] copying ros_tcp_endpoint/thread_pauser.py -> /mnt/c/Users/jasea/OneDrive - Temple University/Desktop/helios/Robotics-Nav2-SLAM-Example/ros2_docker/colcon_ws/build/ros_tcp_endpoint/build/lib/ros_tcp_endpoint
[2.712s] copying ros_tcp_endpoint/unity_service.py -> /mnt/c/Users/jasea/OneDrive - Temple University/Desktop/helios/Robotics-Nav2-SLAM-Example/ros2_docker/colcon_ws/build/ros_tcp_endpoint/build/lib/ros_tcp_endpoint
[2.766s] copying ros_tcp_endpoint/__init__.py -> /mnt/c/Users/jasea/OneDrive - Temple University/Desktop/helios/Robotics-Nav2-SLAM-Example/ros2_docker/colcon_ws/build/ros_tcp_endpoint/build/lib/ros_tcp_endpoint
[2.808s] running install
[2.809s] running install_lib
[2.826s] creating /mnt/c/Users/jasea/OneDrive - Temple University/Desktop/helios/Robotics-Nav2-SLAM-Example/ros2_docker/colcon_ws/install/ros_tcp_endpoint/lib/python3.10/site-packages/ros_tcp_endpoint
[2.840s] copying /mnt/c/Users/jasea/OneDrive - Temple University/Desktop/helios/Robotics-Nav2-SLAM-Example/ros2_docker/colcon_ws/build/ros_tcp_endpoint/build/lib/ros_tcp_endpoint/client.py -> /mnt/c/Users/jasea/OneDrive - Temple University/Desktop/helios/Robotics-Nav2-SLAM-Example/ros2_docker/colcon_ws/install/ros_tcp_endpoint/lib/python3.10/site-packages/ros_tcp_endpoint
[2.888s] copying /mnt/c/Users/jasea/OneDrive - Temple University/Desktop/helios/Robotics-Nav2-SLAM-Example/ros2_docker/colcon_ws/build/ros_tcp_endpoint/build/lib/ros_tcp_endpoint/communication.py -> /mnt/c/Users/jasea/OneDrive - Temple University/Desktop/helios/Robotics-Nav2-SLAM-Example/ros2_docker/colcon_ws/install/ros_tcp_endpoint/lib/python3.10/site-packages/ros_tcp_endpoint
[2.915s] copying /mnt/c/Users/jasea/OneDrive - Temple University/Desktop/helios/Robotics-Nav2-SLAM-Example/ros2_docker/colcon_ws/build/ros_tcp_endpoint/build/lib/ros_tcp_endpoint/default_server_endpoint.py -> /mnt/c/Users/jasea/OneDrive - Temple University/Desktop/helios/Robotics-Nav2-SLAM-Example/ros2_docker/colcon_ws/install/ros_tcp_endpoint/lib/python3.10/site-packages/ros_tcp_endpoint
[2.941s] copying /mnt/c/Users/jasea/OneDrive - Temple University/Desktop/helios/Robotics-Nav2-SLAM-Example/ros2_docker/colcon_ws/build/ros_tcp_endpoint/build/lib/ros_tcp_endpoint/exceptions.py -> /mnt/c/Users/jasea/OneDrive - Temple University/Desktop/helios/Robotics-Nav2-SLAM-Example/ros2_docker/colcon_ws/install/ros_tcp_endpoint/lib/python3.10/site-packages/ros_tcp_endpoint
[2.978s] copying /mnt/c/Users/jasea/OneDrive - Temple University/Desktop/helios/Robotics-Nav2-SLAM-Example/ros2_docker/colcon_ws/build/ros_tcp_endpoint/build/lib/ros_tcp_endpoint/publisher.py -> /mnt/c/Users/jasea/OneDrive - Temple University/Desktop/helios/Robotics-Nav2-SLAM-Example/ros2_docker/colcon_ws/install/ros_tcp_endpoint/lib/python3.10/site-packages/ros_tcp_endpoint
[2.999s] copying /mnt/c/Users/jasea/OneDrive - Temple University/Desktop/helios/Robotics-Nav2-SLAM-Example/ros2_docker/colcon_ws/build/ros_tcp_endpoint/build/lib/ros_tcp_endpoint/server.py -> /mnt/c/Users/jasea/OneDrive - Temple University/Desktop/helios/Robotics-Nav2-SLAM-Example/ros2_docker/colcon_ws/install/ros_tcp_endpoint/lib/python3.10/site-packages/ros_tcp_endpoint
[3.017s] copying /mnt/c/Users/jasea/OneDrive - Temple University/Desktop/helios/Robotics-Nav2-SLAM-Example/ros2_docker/colcon_ws/build/ros_tcp_endpoint/build/lib/ros_tcp_endpoint/service.py -> /mnt/c/Users/jasea/OneDrive - Temple University/Desktop/helios/Robotics-Nav2-SLAM-Example/ros2_docker/colcon_ws/install/ros_tcp_endpoint/lib/python3.10/site-packages/ros_tcp_endpoint
[3.037s] copying /mnt/c/Users/jasea/OneDrive - Temple University/Desktop/helios/Robotics-Nav2-SLAM-Example/ros2_docker/colcon_ws/build/ros_tcp_endpoint/build/lib/ros_tcp_endpoint/subscriber.py -> /mnt/c/Users/jasea/OneDrive - Temple University/Desktop/helios/Robotics-Nav2-SLAM-Example/ros2_docker/colcon_ws/install/ros_tcp_endpoint/lib/python3.10/site-packages/ros_tcp_endpoint
[3.061s] copying /mnt/c/Users/jasea/OneDrive - Temple University/Desktop/helios/Robotics-Nav2-SLAM-Example/ros2_docker/colcon_ws/build/ros_tcp_endpoint/build/lib/ros_tcp_endpoint/tcp_sender.py -> /mnt/c/Users/jasea/OneDrive - Temple University/Desktop/helios/Robotics-Nav2-SLAM-Example/ros2_docker/colcon_ws/install/ros_tcp_endpoint/lib/python3.10/site-packages/ros_tcp_endpoint
[3.114s] copying /mnt/c/Users/jasea/OneDrive - Temple University/Desktop/helios/Robotics-Nav2-SLAM-Example/ros2_docker/colcon_ws/build/ros_tcp_endpoint/build/lib/ros_tcp_endpoint/thread_pauser.py -> /mnt/c/Users/jasea/OneDrive - Temple University/Desktop/helios/Robotics-Nav2-SLAM-Example/ros2_docker/colcon_ws/install/ros_tcp_endpoint/lib/python3.10/site-packages/ros_tcp_endpoint
[3.143s] copying /mnt/c/Users/jasea/OneDrive - Temple University/Desktop/helios/Robotics-Nav2-SLAM-Example/ros2_docker/colcon_ws/build/ros_tcp_endpoint/build/lib/ros_tcp_endpoint/unity_service.py -> /mnt/c/Users/jasea/OneDrive - Temple University/Desktop/helios/Robotics-Nav2-SLAM-Example/ros2_docker/colcon_ws/install/ros_tcp_endpoint/lib/python3.10/site-packages/ros_tcp_endpoint
[3.172s] copying /mnt/c/Users/jasea/OneDrive - Temple University/Desktop/helios/Robotics-Nav2-SLAM-Example/ros2_docker/colcon_ws/build/ros_tcp_endpoint/build/lib/ros_tcp_endpoint/__init__.py -> /mnt/c/Users/jasea/OneDrive - Temple University/Desktop/helios/Robotics-Nav2-SLAM-Example/ros2_docker/colcon_ws/install/ros_tcp_endpoint/lib/python3.10/site-packages/ros_tcp_endpoint
[3.199s] byte-compiling /mnt/c/Users/jasea/OneDrive - Temple University/Desktop/helios/Robotics-Nav2-SLAM-Example/ros2_docker/colcon_ws/install/ros_tcp_endpoint/lib/python3.10/site-packages/ros_tcp_endpoint/client.py to client.cpython-310.pyc
[3.272s] byte-compiling /mnt/c/Users/jasea/OneDrive - Temple University/Desktop/helios/Robotics-Nav2-SLAM-Example/ros2_docker/colcon_ws/install/ros_tcp_endpoint/lib/python3.10/site-packages/ros_tcp_endpoint/communication.py to communication.cpython-310.pyc
[3.338s] byte-compiling /mnt/c/Users/jasea/OneDrive - Temple University/Desktop/helios/Robotics-Nav2-SLAM-Example/ros2_docker/colcon_ws/install/ros_tcp_endpoint/lib/python3.10/site-packages/ros_tcp_endpoint/default_server_endpoint.py to default_server_endpoint.cpython-310.pyc
[3.414s] byte-compiling /mnt/c/Users/jasea/OneDrive - Temple University/Desktop/helios/Robotics-Nav2-SLAM-Example/ros2_docker/colcon_ws/install/ros_tcp_endpoint/lib/python3.10/site-packages/ros_tcp_endpoint/exceptions.py to exceptions.cpython-310.pyc
[3.468s] byte-compiling /mnt/c/Users/jasea/OneDrive - Temple University/Desktop/helios/Robotics-Nav2-SLAM-Example/ros2_docker/colcon_ws/install/ros_tcp_endpoint/lib/python3.10/site-packages/ros_tcp_endpoint/publisher.py to publisher.cpython-310.pyc
[3.512s] byte-compiling /mnt/c/Users/jasea/OneDrive - Temple University/Desktop/helios/Robotics-Nav2-SLAM-Example/ros2_docker/colcon_ws/install/ros_tcp_endpoint/lib/python3.10/site-packages/ros_tcp_endpoint/server.py to server.cpython-310.pyc
[3.548s] byte-compiling /mnt/c/Users/jasea/OneDrive - Temple University/Desktop/helios/Robotics-Nav2-SLAM-Example/ros2_docker/colcon_ws/install/ros_tcp_endpoint/lib/python3.10/site-packages/ros_tcp_endpoint/service.py to service.cpython-310.pyc
[3.579s] byte-compiling /mnt/c/Users/jasea/OneDrive - Temple University/Desktop/helios/Robotics-Nav2-SLAM-Example/ros2_docker/colcon_ws/install/ros_tcp_endpoint/lib/python3.10/site-packages/ros_tcp_endpoint/subscriber.py to subscriber.cpython-310.pyc
[3.623s] byte-compiling /mnt/c/Users/jasea/OneDrive - Temple University/Desktop/helios/Robotics-Nav2-SLAM-Example/ros2_docker/colcon_ws/install/ros_tcp_endpoint/lib/python3.10/site-packages/ros_tcp_endpoint/tcp_sender.py to tcp_sender.cpython-310.pyc
[3.652s] byte-compiling /mnt/c/Users/jasea/OneDrive - Temple University/Desktop/helios/Robotics-Nav2-SLAM-Example/ros2_docker/colcon_ws/install/ros_tcp_endpoint/lib/python3.10/site-packages/ros_tcp_endpoint/thread_pauser.py to thread_pauser.cpython-310.pyc
[3.694s] byte-compiling /mnt/c/Users/jasea/OneDrive - Temple University/Desktop/helios/Robotics-Nav2-SLAM-Example/ros2_docker/colcon_ws/install/ros_tcp_endpoint/lib/python3.10/site-packages/ros_tcp_endpoint/unity_service.py to unity_service.cpython-310.pyc
[3.726s] byte-compiling /mnt/c/Users/jasea/OneDrive - Temple University/Desktop/helios/Robotics-Nav2-SLAM-Example/ros2_docker/colcon_ws/install/ros_tcp_endpoint/lib/python3.10/site-packages/ros_tcp_endpoint/__init__.py to __init__.cpython-310.pyc
[3.754s] running install_data
[3.762s] creating /mnt/c/Users/jasea/OneDrive - Temple University/Desktop/helios/Robotics-Nav2-SLAM-Example/ros2_docker/colcon_ws/install/ros_tcp_endpoint/share/ament_index
[3.765s] creating /mnt/c/Users/jasea/OneDrive - Temple University/Desktop/helios/Robotics-Nav2-SLAM-Example/ros2_docker/colcon_ws/install/ros_tcp_endpoint/share/ament_index/resource_index
[3.771s] creating /mnt/c/Users/jasea/OneDrive - Temple University/Desktop/helios/Robotics-Nav2-SLAM-Example/ros2_docker/colcon_ws/install/ros_tcp_endpoint/share/ament_index/resource_index/packages
[3.791s] copying resource/ros_tcp_endpoint -> /mnt/c/Users/jasea/OneDrive - Temple University/Desktop/helios/Robotics-Nav2-SLAM-Example/ros2_docker/colcon_ws/install/ros_tcp_endpoint/share/ament_index/resource_index/packages
[3.809s] copying package.xml -> /mnt/c/Users/jasea/OneDrive - Temple University/Desktop/helios/Robotics-Nav2-SLAM-Example/ros2_docker/colcon_ws/install/ros_tcp_endpoint/share/ros_tcp_endpoint
[3.819s] creating /mnt/c/Users/jasea/OneDrive - Temple University/Desktop/helios/Robotics-Nav2-SLAM-Example/ros2_docker/colcon_ws/install/ros_tcp_endpoint/share/ros_tcp_endpoint/launch
[3.827s] copying launch/endpoint.py -> /mnt/c/Users/jasea/OneDrive - Temple University/Desktop/helios/Robotics-Nav2-SLAM-Example/ros2_docker/colcon_ws/install/ros_tcp_endpoint/share/ros_tcp_endpoint/launch
[3.853s] running install_egg_info
[3.869s] Copying ../../build/ros_tcp_endpoint/ros_tcp_endpoint.egg-info to /mnt/c/Users/jasea/OneDrive - Temple University/Desktop/helios/Robotics-Nav2-SLAM-Example/ros2_docker/colcon_ws/install/ros_tcp_endpoint/lib/python3.10/site-packages/ros_tcp_endpoint-0.0.1-py3.10.egg-info
[4.042s] running install_scripts
[4.094s] Installing default_server_endpoint script to /mnt/c/Users/jasea/OneDrive - Temple University/Desktop/helios/Robotics-Nav2-SLAM-Example/ros2_docker/colcon_ws/install/ros_tcp_endpoint/lib/ros_tcp_endpoint
[4.104s] writing list of installed files to '/mnt/c/Users/jasea/OneDrive - Temple University/Desktop/helios/Robotics-Nav2-SLAM-Example/ros2_docker/colcon_ws/build/ros_tcp_endpoint/install.log'
[4.121s] Invoked command in '/mnt/c/Users/jasea/OneDrive - Temple University/Desktop/helios/Robotics-Nav2-SLAM-Example/ros2_docker/colcon_ws/src/ROS-TCP-Endpoint' returned '0': PYTHONPATH=/mnt/c/Users/jasea/OneDrive - Temple University/Desktop/helios/Robotics-Nav2-SLAM-Example/ros2_docker/colcon_ws/build/ros_tcp_endpoint/prefix_override:/usr/lib/python3/dist-packages/colcon_core/task/python/colcon_distutils_commands:/mnt/c/Users/jasea/OneDrive - Temple University/Desktop/helios/Robotics-Nav2-SLAM-Example/ros2_docker/colcon_ws/install/ros_tcp_endpoint/lib/python3.10/site-packages:${PYTHONPATH} /usr/bin/python3 -W ignore:setup.py install is deprecated -W ignore:easy_install command is deprecated setup.py egg_info --egg-base ../../build/ros_tcp_endpoint build --build-base /mnt/c/Users/jasea/OneDrive - Temple University/Desktop/helios/Robotics-Nav2-SLAM-Example/ros2_docker/colcon_ws/build/ros_tcp_endpoint/build install --record /mnt/c/Users/jasea/OneDrive - Temple University/Desktop/helios/Robotics-Nav2-SLAM-Example/ros2_docker/colcon_ws/build/ros_tcp_endpoint/install.log --install-scripts $base/lib/ros_tcp_endpoint --single-version-externally-managed install_data
