[1.408s] Invoking command in '/mnt/c/Users/jasea/OneDrive - Temple University/Desktop/helios/Robotics-Nav2-SLAM-Example/ros2_docker/colcon_ws/src/ROS-TCP-Endpoint': PYTHONPATH=/mnt/c/Users/jasea/OneDrive - Temple University/Desktop/helios/Robotics-Nav2-SLAM-Example/ros2_docker/colcon_ws/build/ros_tcp_endpoint/prefix_override:/usr/lib/python3/dist-packages/colcon_core/task/python/colcon_distutils_commands:/mnt/c/Users/jasea/OneDrive - Temple University/Desktop/helios/Robotics-Nav2-SLAM-Example/ros2_docker/colcon_ws/install/ros_tcp_endpoint/lib/python3.10/site-packages:${PYTHONPATH} /usr/bin/python3 -W ignore:setup.py install is deprecated -W ignore:easy_install command is deprecated setup.py egg_info --egg-base ../../build/ros_tcp_endpoint build --build-base /mnt/c/Users/jasea/OneDrive - Temple University/Desktop/helios/Robotics-Nav2-SLAM-Example/ros2_docker/colcon_ws/build/ros_tcp_endpoint/build install --record /mnt/c/Users/jasea/OneDrive - Temple University/Desktop/helios/Robotics-Nav2-SLAM-Example/ros2_docker/colcon_ws/build/ros_tcp_endpoint/install.log --install-scripts $base/lib/ros_tcp_endpoint --single-version-externally-managed install_data
[1.841s] /home/jaych/.local/lib/python3.10/site-packages/setuptools/dist.py:717: UserWarning: Usage of dash-separated 'script-dir' will not be supported in future versions. Please use the underscore name 'script_dir' instead
[1.841s]   warnings.warn(
[1.869s] running egg_info
[1.872s] creating ../../build/ros_tcp_endpoint/ros_tcp_endpoint.egg-info
[1.874s] writing ../../build/ros_tcp_endpoint/ros_tcp_endpoint.egg-info/PKG-INFO
[1.905s] writing dependency_links to ../../build/ros_tcp_endpoint/ros_tcp_endpoint.egg-info/dependency_links.txt
[1.909s] writing entry points to ../../build/ros_tcp_endpoint/ros_tcp_endpoint.egg-info/entry_points.txt
[1.935s] writing requirements to ../../build/ros_tcp_endpoint/ros_tcp_endpoint.egg-info/requires.txt
[1.955s] writing top-level names to ../../build/ros_tcp_endpoint/ros_tcp_endpoint.egg-info/top_level.txt
[1.973s] writing manifest file '../../build/ros_tcp_endpoint/ros_tcp_endpoint.egg-info/SOURCES.txt'
[2.010s] reading manifest file '../../build/ros_tcp_endpoint/ros_tcp_endpoint.egg-info/SOURCES.txt'
[2.034s] adding license file 'LICENSE'
[2.072s] writing manifest file '../../build/ros_tcp_endpoint/ros_tcp_endpoint.egg-info/SOURCES.txt'
[2.098s] running build
[2.100s] running build_py
[2.105s] creating /mnt/c/Users/jasea/OneDrive - Temple University/Desktop/helios/Robotics-Nav2-SLAM-Example/ros2_docker/colcon_ws/build/ros_tcp_endpoint/build
[2.106s] creating /mnt/c/Users/jasea/OneDrive - Temple University/Desktop/helios/Robotics-Nav2-SLAM-Example/ros2_docker/colcon_ws/build/ros_tcp_endpoint/build/lib
[2.110s] creating /mnt/c/Users/jasea/OneDrive - Temple University/Desktop/helios/Robotics-Nav2-SLAM-Example/ros2_docker/colcon_ws/build/ros_tcp_endpoint/build/lib/ros_tcp_endpoint
[2.117s] copying ros_tcp_endpoint/client.py -> /mnt/c/Users/jasea/OneDrive - Temple University/Desktop/helios/Robotics-Nav2-SLAM-Example/ros2_docker/colcon_ws/build/ros_tcp_endpoint/build/lib/ros_tcp_endpoint
[2.139s] copying ros_tcp_endpoint/communication.py -> /mnt/c/Users/jasea/OneDrive - Temple University/Desktop/helios/Robotics-Nav2-SLAM-Example/ros2_docker/colcon_ws/build/ros_tcp_endpoint/build/lib/ros_tcp_endpoint
[2.156s] copying ros_tcp_endpoint/default_server_endpoint.py -> /mnt/c/Users/jasea/OneDrive - Temple University/Desktop/helios/Robotics-Nav2-SLAM-Example/ros2_docker/colcon_ws/build/ros_tcp_endpoint/build/lib/ros_tcp_endpoint
[2.184s] copying ros_tcp_endpoint/exceptions.py -> /mnt/c/Users/jasea/OneDrive - Temple University/Desktop/helios/Robotics-Nav2-SLAM-Example/ros2_docker/colcon_ws/build/ros_tcp_endpoint/build/lib/ros_tcp_endpoint
[2.200s] copying ros_tcp_endpoint/publisher.py -> /mnt/c/Users/jasea/OneDrive - Temple University/Desktop/helios/Robotics-Nav2-SLAM-Example/ros2_docker/colcon_ws/build/ros_tcp_endpoint/build/lib/ros_tcp_endpoint
[2.216s] copying ros_tcp_endpoint/server.py -> /mnt/c/Users/jasea/OneDrive - Temple University/Desktop/helios/Robotics-Nav2-SLAM-Example/ros2_docker/colcon_ws/build/ros_tcp_endpoint/build/lib/ros_tcp_endpoint
[2.239s] copying ros_tcp_endpoint/service.py -> /mnt/c/Users/jasea/OneDrive - Temple University/Desktop/helios/Robotics-Nav2-SLAM-Example/ros2_docker/colcon_ws/build/ros_tcp_endpoint/build/lib/ros_tcp_endpoint
[2.256s] copying ros_tcp_endpoint/subscriber.py -> /mnt/c/Users/jasea/OneDrive - Temple University/Desktop/helios/Robotics-Nav2-SLAM-Example/ros2_docker/colcon_ws/build/ros_tcp_endpoint/build/lib/ros_tcp_endpoint
[2.278s] copying ros_tcp_endpoint/tcp_sender.py -> /mnt/c/Users/jasea/OneDrive - Temple University/Desktop/helios/Robotics-Nav2-SLAM-Example/ros2_docker/colcon_ws/build/ros_tcp_endpoint/build/lib/ros_tcp_endpoint
[2.313s] copying ros_tcp_endpoint/thread_pauser.py -> /mnt/c/Users/jasea/OneDrive - Temple University/Desktop/helios/Robotics-Nav2-SLAM-Example/ros2_docker/colcon_ws/build/ros_tcp_endpoint/build/lib/ros_tcp_endpoint
[2.329s] copying ros_tcp_endpoint/unity_service.py -> /mnt/c/Users/jasea/OneDrive - Temple University/Desktop/helios/Robotics-Nav2-SLAM-Example/ros2_docker/colcon_ws/build/ros_tcp_endpoint/build/lib/ros_tcp_endpoint
[2.380s] copying ros_tcp_endpoint/__init__.py -> /mnt/c/Users/jasea/OneDrive - Temple University/Desktop/helios/Robotics-Nav2-SLAM-Example/ros2_docker/colcon_ws/build/ros_tcp_endpoint/build/lib/ros_tcp_endpoint
[2.393s] running install
[2.393s] running install_lib
[2.407s] creating /mnt/c/Users/jasea/OneDrive - Temple University/Desktop/helios/Robotics-Nav2-SLAM-Example/ros2_docker/colcon_ws/install/ros_tcp_endpoint/lib/python3.10/site-packages/ros_tcp_endpoint
[2.418s] copying /mnt/c/Users/jasea/OneDrive - Temple University/Desktop/helios/Robotics-Nav2-SLAM-Example/ros2_docker/colcon_ws/build/ros_tcp_endpoint/build/lib/ros_tcp_endpoint/client.py -> /mnt/c/Users/jasea/OneDrive - Temple University/Desktop/helios/Robotics-Nav2-SLAM-Example/ros2_docker/colcon_ws/install/ros_tcp_endpoint/lib/python3.10/site-packages/ros_tcp_endpoint
[2.444s] copying /mnt/c/Users/jasea/OneDrive - Temple University/Desktop/helios/Robotics-Nav2-SLAM-Example/ros2_docker/colcon_ws/build/ros_tcp_endpoint/build/lib/ros_tcp_endpoint/communication.py -> /mnt/c/Users/jasea/OneDrive - Temple University/Desktop/helios/Robotics-Nav2-SLAM-Example/ros2_docker/colcon_ws/install/ros_tcp_endpoint/lib/python3.10/site-packages/ros_tcp_endpoint
[2.473s] copying /mnt/c/Users/jasea/OneDrive - Temple University/Desktop/helios/Robotics-Nav2-SLAM-Example/ros2_docker/colcon_ws/build/ros_tcp_endpoint/build/lib/ros_tcp_endpoint/default_server_endpoint.py -> /mnt/c/Users/jasea/OneDrive - Temple University/Desktop/helios/Robotics-Nav2-SLAM-Example/ros2_docker/colcon_ws/install/ros_tcp_endpoint/lib/python3.10/site-packages/ros_tcp_endpoint
[2.497s] copying /mnt/c/Users/jasea/OneDrive - Temple University/Desktop/helios/Robotics-Nav2-SLAM-Example/ros2_docker/colcon_ws/build/ros_tcp_endpoint/build/lib/ros_tcp_endpoint/exceptions.py -> /mnt/c/Users/jasea/OneDrive - Temple University/Desktop/helios/Robotics-Nav2-SLAM-Example/ros2_docker/colcon_ws/install/ros_tcp_endpoint/lib/python3.10/site-packages/ros_tcp_endpoint
[2.521s] copying /mnt/c/Users/jasea/OneDrive - Temple University/Desktop/helios/Robotics-Nav2-SLAM-Example/ros2_docker/colcon_ws/build/ros_tcp_endpoint/build/lib/ros_tcp_endpoint/publisher.py -> /mnt/c/Users/jasea/OneDrive - Temple University/Desktop/helios/Robotics-Nav2-SLAM-Example/ros2_docker/colcon_ws/install/ros_tcp_endpoint/lib/python3.10/site-packages/ros_tcp_endpoint
[2.545s] copying /mnt/c/Users/jasea/OneDrive - Temple University/Desktop/helios/Robotics-Nav2-SLAM-Example/ros2_docker/colcon_ws/build/ros_tcp_endpoint/build/lib/ros_tcp_endpoint/server.py -> /mnt/c/Users/jasea/OneDrive - Temple University/Desktop/helios/Robotics-Nav2-SLAM-Example/ros2_docker/colcon_ws/install/ros_tcp_endpoint/lib/python3.10/site-packages/ros_tcp_endpoint
[2.567s] copying /mnt/c/Users/jasea/OneDrive - Temple University/Desktop/helios/Robotics-Nav2-SLAM-Example/ros2_docker/colcon_ws/build/ros_tcp_endpoint/build/lib/ros_tcp_endpoint/service.py -> /mnt/c/Users/jasea/OneDrive - Temple University/Desktop/helios/Robotics-Nav2-SLAM-Example/ros2_docker/colcon_ws/install/ros_tcp_endpoint/lib/python3.10/site-packages/ros_tcp_endpoint
[2.593s] copying /mnt/c/Users/jasea/OneDrive - Temple University/Desktop/helios/Robotics-Nav2-SLAM-Example/ros2_docker/colcon_ws/build/ros_tcp_endpoint/build/lib/ros_tcp_endpoint/subscriber.py -> /mnt/c/Users/jasea/OneDrive - Temple University/Desktop/helios/Robotics-Nav2-SLAM-Example/ros2_docker/colcon_ws/install/ros_tcp_endpoint/lib/python3.10/site-packages/ros_tcp_endpoint
[2.616s] copying /mnt/c/Users/jasea/OneDrive - Temple University/Desktop/helios/Robotics-Nav2-SLAM-Example/ros2_docker/colcon_ws/build/ros_tcp_endpoint/build/lib/ros_tcp_endpoint/tcp_sender.py -> /mnt/c/Users/jasea/OneDrive - Temple University/Desktop/helios/Robotics-Nav2-SLAM-Example/ros2_docker/colcon_ws/install/ros_tcp_endpoint/lib/python3.10/site-packages/ros_tcp_endpoint
[2.652s] copying /mnt/c/Users/jasea/OneDrive - Temple University/Desktop/helios/Robotics-Nav2-SLAM-Example/ros2_docker/colcon_ws/build/ros_tcp_endpoint/build/lib/ros_tcp_endpoint/thread_pauser.py -> /mnt/c/Users/jasea/OneDrive - Temple University/Desktop/helios/Robotics-Nav2-SLAM-Example/ros2_docker/colcon_ws/install/ros_tcp_endpoint/lib/python3.10/site-packages/ros_tcp_endpoint
[2.678s] copying /mnt/c/Users/jasea/OneDrive - Temple University/Desktop/helios/Robotics-Nav2-SLAM-Example/ros2_docker/colcon_ws/build/ros_tcp_endpoint/build/lib/ros_tcp_endpoint/unity_service.py -> /mnt/c/Users/jasea/OneDrive - Temple University/Desktop/helios/Robotics-Nav2-SLAM-Example/ros2_docker/colcon_ws/install/ros_tcp_endpoint/lib/python3.10/site-packages/ros_tcp_endpoint
[2.704s] copying /mnt/c/Users/jasea/OneDrive - Temple University/Desktop/helios/Robotics-Nav2-SLAM-Example/ros2_docker/colcon_ws/build/ros_tcp_endpoint/build/lib/ros_tcp_endpoint/__init__.py -> /mnt/c/Users/jasea/OneDrive - Temple University/Desktop/helios/Robotics-Nav2-SLAM-Example/ros2_docker/colcon_ws/install/ros_tcp_endpoint/lib/python3.10/site-packages/ros_tcp_endpoint
[2.728s] byte-compiling /mnt/c/Users/jasea/OneDrive - Temple University/Desktop/helios/Robotics-Nav2-SLAM-Example/ros2_docker/colcon_ws/install/ros_tcp_endpoint/lib/python3.10/site-packages/ros_tcp_endpoint/client.py to client.cpython-310.pyc
[2.794s] byte-compiling /mnt/c/Users/jasea/OneDrive - Temple University/Desktop/helios/Robotics-Nav2-SLAM-Example/ros2_docker/colcon_ws/install/ros_tcp_endpoint/lib/python3.10/site-packages/ros_tcp_endpoint/communication.py to communication.cpython-310.pyc
[2.874s] byte-compiling /mnt/c/Users/jasea/OneDrive - Temple University/Desktop/helios/Robotics-Nav2-SLAM-Example/ros2_docker/colcon_ws/install/ros_tcp_endpoint/lib/python3.10/site-packages/ros_tcp_endpoint/default_server_endpoint.py to default_server_endpoint.cpython-310.pyc
[2.940s] byte-compiling /mnt/c/Users/jasea/OneDrive - Temple University/Desktop/helios/Robotics-Nav2-SLAM-Example/ros2_docker/colcon_ws/install/ros_tcp_endpoint/lib/python3.10/site-packages/ros_tcp_endpoint/exceptions.py to exceptions.cpython-310.pyc
[2.991s] byte-compiling /mnt/c/Users/jasea/OneDrive - Temple University/Desktop/helios/Robotics-Nav2-SLAM-Example/ros2_docker/colcon_ws/install/ros_tcp_endpoint/lib/python3.10/site-packages/ros_tcp_endpoint/publisher.py to publisher.cpython-310.pyc
[3.035s] byte-compiling /mnt/c/Users/jasea/OneDrive - Temple University/Desktop/helios/Robotics-Nav2-SLAM-Example/ros2_docker/colcon_ws/install/ros_tcp_endpoint/lib/python3.10/site-packages/ros_tcp_endpoint/server.py to server.cpython-310.pyc
[3.072s] byte-compiling /mnt/c/Users/jasea/OneDrive - Temple University/Desktop/helios/Robotics-Nav2-SLAM-Example/ros2_docker/colcon_ws/install/ros_tcp_endpoint/lib/python3.10/site-packages/ros_tcp_endpoint/service.py to service.cpython-310.pyc
[3.107s] byte-compiling /mnt/c/Users/jasea/OneDrive - Temple University/Desktop/helios/Robotics-Nav2-SLAM-Example/ros2_docker/colcon_ws/install/ros_tcp_endpoint/lib/python3.10/site-packages/ros_tcp_endpoint/subscriber.py to subscriber.cpython-310.pyc
[3.154s] byte-compiling /mnt/c/Users/jasea/OneDrive - Temple University/Desktop/helios/Robotics-Nav2-SLAM-Example/ros2_docker/colcon_ws/install/ros_tcp_endpoint/lib/python3.10/site-packages/ros_tcp_endpoint/tcp_sender.py to tcp_sender.cpython-310.pyc
[3.184s] byte-compiling /mnt/c/Users/jasea/OneDrive - Temple University/Desktop/helios/Robotics-Nav2-SLAM-Example/ros2_docker/colcon_ws/install/ros_tcp_endpoint/lib/python3.10/site-packages/ros_tcp_endpoint/thread_pauser.py to thread_pauser.cpython-310.pyc
[3.213s] byte-compiling /mnt/c/Users/jasea/OneDrive - Temple University/Desktop/helios/Robotics-Nav2-SLAM-Example/ros2_docker/colcon_ws/install/ros_tcp_endpoint/lib/python3.10/site-packages/ros_tcp_endpoint/unity_service.py to unity_service.cpython-310.pyc
[3.253s] byte-compiling /mnt/c/Users/jasea/OneDrive - Temple University/Desktop/helios/Robotics-Nav2-SLAM-Example/ros2_docker/colcon_ws/install/ros_tcp_endpoint/lib/python3.10/site-packages/ros_tcp_endpoint/__init__.py to __init__.cpython-310.pyc
[3.275s] running install_data
[3.281s] creating /mnt/c/Users/jasea/OneDrive - Temple University/Desktop/helios/Robotics-Nav2-SLAM-Example/ros2_docker/colcon_ws/install/ros_tcp_endpoint/share/ament_index
[3.285s] creating /mnt/c/Users/jasea/OneDrive - Temple University/Desktop/helios/Robotics-Nav2-SLAM-Example/ros2_docker/colcon_ws/install/ros_tcp_endpoint/share/ament_index/resource_index
[3.286s] creating /mnt/c/Users/jasea/OneDrive - Temple University/Desktop/helios/Robotics-Nav2-SLAM-Example/ros2_docker/colcon_ws/install/ros_tcp_endpoint/share/ament_index/resource_index/packages
[3.294s] copying resource/ros_tcp_endpoint -> /mnt/c/Users/jasea/OneDrive - Temple University/Desktop/helios/Robotics-Nav2-SLAM-Example/ros2_docker/colcon_ws/install/ros_tcp_endpoint/share/ament_index/resource_index/packages
[3.314s] copying package.xml -> /mnt/c/Users/jasea/OneDrive - Temple University/Desktop/helios/Robotics-Nav2-SLAM-Example/ros2_docker/colcon_ws/install/ros_tcp_endpoint/share/ros_tcp_endpoint
[3.326s] creating /mnt/c/Users/jasea/OneDrive - Temple University/Desktop/helios/Robotics-Nav2-SLAM-Example/ros2_docker/colcon_ws/install/ros_tcp_endpoint/share/ros_tcp_endpoint/launch
[3.335s] copying launch/endpoint.py -> /mnt/c/Users/jasea/OneDrive - Temple University/Desktop/helios/Robotics-Nav2-SLAM-Example/ros2_docker/colcon_ws/install/ros_tcp_endpoint/share/ros_tcp_endpoint/launch
[3.349s] running install_egg_info
[3.360s] Copying ../../build/ros_tcp_endpoint/ros_tcp_endpoint.egg-info to /mnt/c/Users/jasea/OneDrive - Temple University/Desktop/helios/Robotics-Nav2-SLAM-Example/ros2_docker/colcon_ws/install/ros_tcp_endpoint/lib/python3.10/site-packages/ros_tcp_endpoint-0.0.1-py3.10.egg-info
[3.546s] running install_scripts
[3.590s] Installing default_server_endpoint script to /mnt/c/Users/jasea/OneDrive - Temple University/Desktop/helios/Robotics-Nav2-SLAM-Example/ros2_docker/colcon_ws/install/ros_tcp_endpoint/lib/ros_tcp_endpoint
[3.596s] writing list of installed files to '/mnt/c/Users/jasea/OneDrive - Temple University/Desktop/helios/Robotics-Nav2-SLAM-Example/ros2_docker/colcon_ws/build/ros_tcp_endpoint/install.log'
[3.615s] Invoked command in '/mnt/c/Users/jasea/OneDrive - Temple University/Desktop/helios/Robotics-Nav2-SLAM-Example/ros2_docker/colcon_ws/src/ROS-TCP-Endpoint' returned '0': PYTHONPATH=/mnt/c/Users/jasea/OneDrive - Temple University/Desktop/helios/Robotics-Nav2-SLAM-Example/ros2_docker/colcon_ws/build/ros_tcp_endpoint/prefix_override:/usr/lib/python3/dist-packages/colcon_core/task/python/colcon_distutils_commands:/mnt/c/Users/jasea/OneDrive - Temple University/Desktop/helios/Robotics-Nav2-SLAM-Example/ros2_docker/colcon_ws/install/ros_tcp_endpoint/lib/python3.10/site-packages:${PYTHONPATH} /usr/bin/python3 -W ignore:setup.py install is deprecated -W ignore:easy_install command is deprecated setup.py egg_info --egg-base ../../build/ros_tcp_endpoint build --build-base /mnt/c/Users/jasea/OneDrive - Temple University/Desktop/helios/Robotics-Nav2-SLAM-Example/ros2_docker/colcon_ws/build/ros_tcp_endpoint/build install --record /mnt/c/Users/jasea/OneDrive - Temple University/Desktop/helios/Robotics-Nav2-SLAM-Example/ros2_docker/colcon_ws/build/ros_tcp_endpoint/install.log --install-scripts $base/lib/ros_tcp_endpoint --single-version-externally-managed install_data
